Archive member included to satisfy reference by file (symbol)

c:/nxp/mcuxpressoide_11.0.1_2563/ide/plugins/com.nxp.mcuxpresso.tools.win32_11.0.1.201907311258/tools/bin/../lib/gcc/arm-none-eabi/8.2.1/../../../../arm-none-eabi/lib/thumb/v6-m/nofp\libcr_nohost_nf.a(__sys_appexit.o)
                              ./source/tabledriven.o (__sys_appexit)
c:/nxp/mcuxpressoide_11.0.1_2563/ide/plugins/com.nxp.mcuxpresso.tools.win32_11.0.1.201907311258/tools/bin/../lib/gcc/arm-none-eabi/8.2.1/../../../../arm-none-eabi/lib/thumb/v6-m/nofp\libcr_nohost_nf.a(_cr__main.o)
                              ./startup/startup_mkl25z4.o (__main)
c:/nxp/mcuxpressoide_11.0.1_2563/ide/plugins/com.nxp.mcuxpresso.tools.win32_11.0.1.201907311258/tools/bin/../lib/gcc/arm-none-eabi/8.2.1/../../../../arm-none-eabi/lib/thumb/v6-m/nofp\libcr_c.a(memcpy.o)
                              ./drivers/fsl_flash.o (memcpy)
c:/nxp/mcuxpressoide_11.0.1_2563/ide/plugins/com.nxp.mcuxpresso.tools.win32_11.0.1.201907311258/tools/bin/../lib/gcc/arm-none-eabi/8.2.1/../../../../arm-none-eabi/lib/thumb/v6-m/nofp\libcr_c.a(memset.o)
                              ./source/tabledriven.o (memset)
c:/nxp/mcuxpressoide_11.0.1_2563/ide/plugins/com.nxp.mcuxpresso.tools.win32_11.0.1.201907311258/tools/bin/../lib/gcc/arm-none-eabi/8.2.1/../../../../arm-none-eabi/lib/thumb/v6-m/nofp\libcr_c.a(initio.o)
                              c:/nxp/mcuxpressoide_11.0.1_2563/ide/plugins/com.nxp.mcuxpresso.tools.win32_11.0.1.201907311258/tools/bin/../lib/gcc/arm-none-eabi/8.2.1/../../../../arm-none-eabi/lib/thumb/v6-m/nofp\libcr_nohost_nf.a(_cr__main.o) (_initio)
c:/nxp/mcuxpressoide_11.0.1_2563/ide/plugins/com.nxp.mcuxpresso.tools.win32_11.0.1.201907311258/tools/bin/../lib/gcc/arm-none-eabi/8.2.1/../../../../arm-none-eabi/lib/thumb/v6-m/nofp\libcr_c.a(setvbuf.o)
                              c:/nxp/mcuxpressoide_11.0.1_2563/ide/plugins/com.nxp.mcuxpresso.tools.win32_11.0.1.201907311258/tools/bin/../lib/gcc/arm-none-eabi/8.2.1/../../../../arm-none-eabi/lib/thumb/v6-m/nofp\libcr_c.a(initio.o) (setvbuf)
c:/nxp/mcuxpressoide_11.0.1_2563/ide/plugins/com.nxp.mcuxpresso.tools.win32_11.0.1.201907311258/tools/bin/../lib/gcc/arm-none-eabi/8.2.1/../../../../arm-none-eabi/lib/thumb/v6-m/nofp\libcr_c.a(stdlib.o)
                              ./source/state_driven.o (exit)
c:/nxp/mcuxpressoide_11.0.1_2563/ide/plugins/com.nxp.mcuxpresso.tools.win32_11.0.1.201907311258/tools/bin/../lib/gcc/arm-none-eabi/8.2.1/../../../../arm-none-eabi/lib/thumb/v6-m/nofp\libcr_c.a(strlen.o)
                              ./utilities/fsl_debug_console.o (strlen)
c:/nxp/mcuxpressoide_11.0.1_2563/ide/plugins/com.nxp.mcuxpresso.tools.win32_11.0.1.201907311258/tools/bin/../lib/gcc/arm-none-eabi/8.2.1/../../../../arm-none-eabi/lib/thumb/v6-m/nofp\libcr_c.a(_fdopen.o)
                              c:/nxp/mcuxpressoide_11.0.1_2563/ide/plugins/com.nxp.mcuxpresso.tools.win32_11.0.1.201907311258/tools/bin/../lib/gcc/arm-none-eabi/8.2.1/../../../../arm-none-eabi/lib/thumb/v6-m/nofp\libcr_c.a(initio.o) (_fdopen)
c:/nxp/mcuxpressoide_11.0.1_2563/ide/plugins/com.nxp.mcuxpresso.tools.win32_11.0.1.201907311258/tools/bin/../lib/gcc/arm-none-eabi/8.2.1/../../../../arm-none-eabi/lib/thumb/v6-m/nofp\libcr_c.a(fclose.o)
                              c:/nxp/mcuxpressoide_11.0.1_2563/ide/plugins/com.nxp.mcuxpresso.tools.win32_11.0.1.201907311258/tools/bin/../lib/gcc/arm-none-eabi/8.2.1/../../../../arm-none-eabi/lib/thumb/v6-m/nofp\libcr_c.a(initio.o) (fclose)
c:/nxp/mcuxpressoide_11.0.1_2563/ide/plugins/com.nxp.mcuxpresso.tools.win32_11.0.1.201907311258/tools/bin/../lib/gcc/arm-none-eabi/8.2.1/../../../../arm-none-eabi/lib/thumb/v6-m/nofp\libcr_c.a(fflush.o)
                              c:/nxp/mcuxpressoide_11.0.1_2563/ide/plugins/com.nxp.mcuxpresso.tools.win32_11.0.1.201907311258/tools/bin/../lib/gcc/arm-none-eabi/8.2.1/../../../../arm-none-eabi/lib/thumb/v6-m/nofp\libcr_c.a(fclose.o) (fflush)
c:/nxp/mcuxpressoide_11.0.1_2563/ide/plugins/com.nxp.mcuxpresso.tools.win32_11.0.1.201907311258/tools/bin/../lib/gcc/arm-none-eabi/8.2.1/../../../../arm-none-eabi/lib/thumb/v6-m/nofp\libcr_c.a(fseek.o)
                              c:/nxp/mcuxpressoide_11.0.1_2563/ide/plugins/com.nxp.mcuxpresso.tools.win32_11.0.1.201907311258/tools/bin/../lib/gcc/arm-none-eabi/8.2.1/../../../../arm-none-eabi/lib/thumb/v6-m/nofp\libcr_c.a(_fdopen.o) (fseek)
c:/nxp/mcuxpressoide_11.0.1_2563/ide/plugins/com.nxp.mcuxpresso.tools.win32_11.0.1.201907311258/tools/bin/../lib/gcc/arm-none-eabi/8.2.1/../../../../arm-none-eabi/lib/thumb/v6-m/nofp\libcr_c.a(ftell.o)
                              c:/nxp/mcuxpressoide_11.0.1_2563/ide/plugins/com.nxp.mcuxpresso.tools.win32_11.0.1.201907311258/tools/bin/../lib/gcc/arm-none-eabi/8.2.1/../../../../arm-none-eabi/lib/thumb/v6-m/nofp\libcr_c.a(fseek.o) (ftell)
[...]
Memory Configuration

Name             Origin             Length             Attributes
PROGRAM_FLASH    0x00000000         0x00020000         xr
SRAM             0x1ffff000         0x00004000         xrw
*default*        0x00000000         0xffffffff

Linker script and memory map

LOAD ./utilities/fsl_debug_console.o
LOAD ./startup/startup_mkl25z4.o
LOAD ./source/TMP102.o
LOAD ./source/led.o
LOAD ./source/logger.o
LOAD ./source/mtb.o
LOAD ./source/project.o
LOAD ./source/retarget_itm.o
LOAD ./source/semihost_hardfault.o
LOAD ./source/state_driven.o
LOAD ./source/system.o
LOAD ./source/tabledriven.o
LOAD ./source/unittest.o
LOAD ./drivers/fsl_clock.o
LOAD ./drivers/fsl_common.o
LOAD ./drivers/fsl_flash.o
LOAD ./drivers/fsl_gpio.o
LOAD ./drivers/fsl_lpsci.o
LOAD ./drivers/fsl_smc.o
LOAD ./drivers/fsl_uart.o
LOAD ./board/board.o
LOAD ./board/clock_config.o
LOAD ./board/peripherals.o
LOAD ./board/pin_mux.o
LOAD ./CMSIS/system_MKL25Z4.o
START GROUP
LOAD c:/nxp/mcuxpressoide_11.0.1_2563/ide/plugins/com.nxp.mcuxpresso.tools.win32_11.0.1.201907311258/tools/bin/../lib/gcc/arm-none-eabi/8.2.1/../../../../arm-none-eabi/lib/thumb/v6-m/nofp\libcr_nohost_nf.a
LOAD c:/nxp/mcuxpressoide_11.0.1_2563/ide/plugins/com.nxp.mcuxpresso.tools.win32_11.0.1.201907311258/tools/bin/../lib/gcc/arm-none-eabi/8.2.1/../../../../arm-none-eabi/lib/thumb/v6-m/nofp\libcr_c.a
LOAD c:/nxp/mcuxpressoide_11.0.1_2563/ide/plugins/com.nxp.mcuxpresso.tools.win32_11.0.1.201907311258/tools/bin/../lib/gcc/arm-none-eabi/8.2.1/thumb/v6-m/nofp\libcr_eabihelpers.a
LOAD c:/nxp/mcuxpressoide_11.0.1_2563/ide/plugins/com.nxp.mcuxpresso.tools.win32_11.0.1.201907311258/tools/bin/../lib/gcc/arm-none-eabi/8.2.1/thumb/v6-m/nofp\libgcc.a
END GROUP
                0x00000000                __base_PROGRAM_FLASH = 0x0
                0x00000000                __base_Flash = 0x0
                0x00020000                __top_PROGRAM_FLASH = 0x20000
                0x00020000                __top_Flash = 0x20000
                0x1ffff000                __base_SRAM = 0x1ffff000
                0x1ffff000                __base_RAM = 0x1ffff000
                0x20003000                __top_SRAM = 0x20003000
                0x20003000                __top_RAM = 0x20003000

.text           0x00000000     0x53f0
 FILL mask 0xff
                0x00000000                __vectors_start__ = ABSOLUTE (.)
 *(SORT_BY_ALIGNMENT(.isr_vector))
 .isr_vector    0x00000000       0xc0 ./startup/startup_mkl25z4.o
                0x00000000                g_pfnVectors
                0x00000000                __Vectors
                0x000000c0                . = ALIGN (0x4)
                0x000000c0                __section_table_start = .
                0x000000c0                __data_section_table = .
                0x000000c0        0x4 LONG 0x53f0 LOADADDR (.data)
                0x000000c4        0x4 LONG 0x1ffff080 ADDR (.data)
                0x000000c8        0x4 LONG 0x7b8 SIZEOF (.data)
                0x000000cc                __data_section_table_end = .
                0x000000cc                __bss_section_table = .
                0x000000cc        0x4 LONG 0x1ffff838 ADDR (.bss)
                0x000000d0        0x4 LONG 0x264 SIZEOF (.bss)
                0x000000d4                __bss_section_table_end = .
                0x000000d4                __section_table_end = .
 *(SORT_BY_ALIGNMENT(.after_vectors*))
 .after_vectors.reset
                0x000000d4       0x4c ./startup/startup_mkl25z4.o
                0x000000d4                ResetISR
 .after_vectors.init_data
                0x00000120       0x12 ./startup/startup_mkl25z4.o
                0x00000120                data_init
 .after_vectors.init_bss
                0x00000132       0x10 ./startup/startup_mkl25z4.o
                0x00000132                bss_init
 .after_vectors
                0x00000142      0x10c ./startup/startup_mkl25z4.o
                0x00000142                NMI_Handler
                0x00000146                SVC_Handler
                0x00000148                PendSV_Handler
                0x0000014a                SysTick_Handler
                0x0000014c                LPTMR0_DriverIRQHandler
                0x0000014c                Reserved39_DriverIRQHandler
                0x0000014c                DMA0_DriverIRQHandler
                0x0000014c                SPI1_DriverIRQHandler
                0x0000014c                I2C0_DriverIRQHandler
                0x0000014c                PORTD_DriverIRQHandler
                0x0000014c                DMA2_DriverIRQHandler
                0x0000014c                CMP0_DriverIRQHandler
                0x0000014c                TPM2_DriverIRQHandler
                0x0000014c                ADC0_DriverIRQHandler
                0x0000014c                SPI0_DriverIRQHandler
                0x0000014c                TSI0_DriverIRQHandler
                0x0000014c                RTC_Seconds_DriverIRQHandler
                0x0000014c                I2C1_DriverIRQHandler
                0x0000014c                DMA1_DriverIRQHandler
                0x0000014c                LLWU_DriverIRQHandler
                0x0000014c                MCG_DriverIRQHandler
                0x0000014c                PIT_DriverIRQHandler
                0x0000014c                RTC_DriverIRQHandler
                0x0000014c                TPM1_DriverIRQHandler
                0x0000014c                FTFA_DriverIRQHandler
                0x0000014c                IntDefaultHandler
                0x0000014c                USB0_DriverIRQHandler
                0x0000014c                DAC0_DriverIRQHandler
                0x0000014c                PORTA_DriverIRQHandler
                0x0000014c                LVD_LVW_DriverIRQHandler
                0x0000014c                TPM0_DriverIRQHandler
                0x0000014c                Reserved45_DriverIRQHandler
                0x0000014c                DMA3_DriverIRQHandler
                0x0000014c                Reserved20_DriverIRQHandler
                0x0000014e                DMA0_IRQHandler
                0x00000156                DMA1_IRQHandler
                0x0000015e                DMA2_IRQHandler
                0x00000166                DMA3_IRQHandler
                0x0000016e                Reserved20_IRQHandler
                0x00000176                FTFA_IRQHandler
                0x0000017e                LVD_LVW_IRQHandler
                0x00000186                LLWU_IRQHandler
                0x0000018e                I2C0_IRQHandler
                0x00000196                I2C1_IRQHandler
                0x0000019e                SPI0_IRQHandler
                0x000001a6                SPI1_IRQHandler
                0x000001ae                UART0_IRQHandler
                0x000001b6                UART1_IRQHandler
                0x000001be                UART2_IRQHandler
                0x000001c6                ADC0_IRQHandler
                0x000001ce                CMP0_IRQHandler
                0x000001d6                TPM0_IRQHandler
                0x000001de                TPM1_IRQHandler
                0x000001e6                TPM2_IRQHandler
                0x000001ee                RTC_IRQHandler
                0x000001f6                RTC_Seconds_IRQHandler
                0x000001fe                PIT_IRQHandler
                0x00000206                Reserved39_IRQHandler
                0x0000020e                USB0_IRQHandler
                0x00000216                DAC0_IRQHandler
                0x0000021e                TSI0_IRQHandler
                0x00000226                MCG_IRQHandler
                0x0000022e                LPTMR0_IRQHandler
                0x00000236                Reserved45_IRQHandler
                0x0000023e                PORTA_IRQHandler
                0x00000246                PORTD_IRQHandler
                0x00000400                . = 0x400
 *fill*         0x0000024e      0x1b2 ff
                0x00000400                PROVIDE (__FLASH_CONFIG_START__ = .)
 *(SORT_BY_ALIGNMENT(.FlashConfig))
 .FlashConfig   0x00000400       0x10 ./startup/startup_mkl25z4.o
                0x00000400                Flash_Config
                0x00000410                PROVIDE (__FLASH_CONFIG_END__ = .)
                0x00000001                ASSERT (! ((__FLASH_CONFIG_START__ == __FLASH_CONFIG_END__)), Linker Flash Config Support Enabled, but no .FlashConfig section provided within application)
 *(SORT_BY_ALIGNMENT(.text*))
 .text.DbgConsole_Init
                0x00000410       0xf0 ./utilities/fsl_debug_console.o
                0x00000410                DbgConsole_Init
 .text.DbgConsole_Printf
                0x00000500       0x44 ./utilities/fsl_debug_console.o
                0x00000500                DbgConsole_Printf
 .text.DbgConsole_Putchar
                0x00000544       0x34 ./utilities/fsl_debug_console.o
                0x00000544                DbgConsole_Putchar
 .text.I2C_Master_Init
                0x00000578       0x90 ./source/TMP102.o
                0x00000578                I2C_Master_Init
 .text.read_byte
                0x00000608      0x13c ./source/TMP102.o
                0x00000608                read_byte
 .text.init_LED
                0x00000744       0x70 ./source/led.o
                0x00000744                init_LED
 .text.led_alert
                0x000007b4       0x38 ./source/led.o
                0x000007b4                led_alert
 .text.led_error
                0x000007ec       0x38 ./source/led.o
                0x000007ec                led_error
 .text.led_wait
                0x00000824       0x38 ./source/led.o
                0x00000824                led_wait
 .text.log_level
                0x0000085c      0x3a0 ./source/logger.o
                0x0000085c                log_level
 .text.log_integer
                0x00000bfc       0x24 ./source/logger.o
                0x00000bfc                log_integer
 .text.log_string
                0x00000c20       0x20 ./source/logger.o
                0x00000c20                log_string
 .text.main     0x00000c40       0xac ./source/project.o
                0x00000c40                main
 .text.__sys_write
                0x00000cec       0x74 ./source/retarget_itm.o
                0x00000cec                __sys_write
 .text.HardFault_Handler
                0x00000d60       0x30 ./source/semihost_hardfault.o
                0x00000d60                HardFault_Handler
 .text.delay    0x00000d90       0x2c ./source/state_driven.o
                0x00000d90                delay
 .text.post_condition
                0x00000dbc       0x2c ./source/state_driven.o
                0x00000dbc                post_condition
 .text.handle_timeout
                0x00000de8      0x108 ./source/state_driven.o
                0x00000de8                handle_timeout
 .text.handle_complete
                0x00000ef0      0x2a0 ./source/state_driven.o
                0x00000ef0                handle_complete
 .text.handle_alert
                0x00001190       0xb4 ./source/state_driven.o
                0x00001190                handle_alert
 .text.handle_disconnect
                0x00001244       0x58 ./source/state_driven.o
                0x00001244                handle_disconnect
 .text.State_Driven
                0x0000129c       0x8c ./source/state_driven.o
                0x0000129c                State_Driven
 .text.System_Init
                0x00001328       0x18 ./source/system.o
                0x00001328                System_Init
 .text.System_Safestate
                0x00001340       0x1c ./source/system.o
                0x00001340                System_Safestate
 .text.System_WriteInt
                0x0000135c       0x20 ./source/system.o
                0x0000135c                System_WriteInt
 .text.Sm_tempdisc
                0x0000137c       0x34 ./source/tabledriven.o
                0x0000137c                Sm_tempdisc
 .text.Table_Driven
                0x000013b0       0x60 ./source/tabledriven.o
                0x000013b0                Table_Driven
 .text.Sm_tempread
                0x00001410      0x29c ./source/tabledriven.o
                0x00001410                Sm_tempread
 .text.Sm_tempavg
                0x000016ac      0x3d4 ./source/tabledriven.o
                0x000016ac                Sm_tempavg
 .text.Sm_tempalert
                0x00001a80       0xa4 ./source/tabledriven.o
                0x00001a80                Sm_tempalert
 .text.unit_test
                0x00001b24      0x5ac ./source/unittest.o
                0x00001b24                unit_test
 .text.CLOCK_SetEr32kClock
                0x000020d0       0x34 ./drivers/fsl_clock.o
 .text.CLOCK_SetPllFllSelClock
                0x00002104       0x38 ./drivers/fsl_clock.o
 .text.CLOCK_GetMcgExtClkFreq
                0x0000213c       0x28 ./drivers/fsl_clock.o
 .text.CLOCK_GetFllExtRefClkFreq
                0x00002164       0xa4 ./drivers/fsl_clock.o
 .text.CLOCK_GetFllRefClkFreq
                0x00002208       0x2c ./drivers/fsl_clock.o
 .text.CLOCK_GetOscRangeFromFreq
                0x00002234       0x4c ./drivers/fsl_clock.o
 .text.CLOCK_GetPllFllSelClkFreq
                0x00002280       0x4c ./drivers/fsl_clock.o
                0x00002280                CLOCK_GetPllFllSelClkFreq
 .text.CLOCK_SetSimConfig
                0x000022cc       0x38 ./drivers/fsl_clock.o
                0x000022cc                CLOCK_SetSimConfig
 .text.CLOCK_GetFllFreq
                0x00002304       0x84 ./drivers/fsl_clock.o
                0x00002304                CLOCK_GetFllFreq
 .text.CLOCK_GetPll0Freq
                0x00002388       0x70 ./drivers/fsl_clock.o
                0x00002388                CLOCK_GetPll0Freq
 .text.CLOCK_SetInternalRefClkConfig
                0x000023f8      0x124 ./drivers/fsl_clock.o
                0x000023f8                CLOCK_SetInternalRefClkConfig
 .text.CLOCK_EnablePll0
                0x0000251c       0x90 ./drivers/fsl_clock.o
                0x0000251c                CLOCK_EnablePll0
 .text.CLOCK_InitOsc0
                0x000025ac       0x94 ./drivers/fsl_clock.o
                0x000025ac                CLOCK_InitOsc0
 .text.CLOCK_SetPbeMode
                0x00002640       0xb0 ./drivers/fsl_clock.o
                0x00002640                CLOCK_SetPbeMode
 .text.CLOCK_BootToPeeMode
                0x000026f0       0x70 ./drivers/fsl_clock.o
                0x000026f0                CLOCK_BootToPeeMode
 .text.__assertion_failed
                0x00002760       0x1c ./drivers/fsl_common.o
                0x00002760                __assertion_failed
 .text.CLOCK_EnableClock
                0x0000277c       0x34 ./drivers/fsl_lpsci.o
 .text.LPSCI_GetInstance
                0x000027b0       0x48 ./drivers/fsl_lpsci.o
                0x000027b0                LPSCI_GetInstance
 .text.LPSCI_Init
                0x000027f8      0x258 ./drivers/fsl_lpsci.o
                0x000027f8                LPSCI_Init
 .text.LPSCI_GetDefaultConfig
                0x00002a50       0x44 ./drivers/fsl_lpsci.o
                0x00002a50                LPSCI_GetDefaultConfig
 .text.LPSCI_ClearStatusFlags
                0x00002a94       0x94 ./drivers/fsl_lpsci.o
                0x00002a94                LPSCI_ClearStatusFlags
 .text.LPSCI_WriteBlocking
                0x00002b28       0x4c ./drivers/fsl_lpsci.o
                0x00002b28                LPSCI_WriteBlocking
 .text.LPSCI_ReadBlocking
                0x00002b74       0xc0 ./drivers/fsl_lpsci.o
                0x00002b74                LPSCI_ReadBlocking
 .text.UART0_DriverIRQHandler
                0x00002c34       0x24 ./drivers/fsl_lpsci.o
                0x00002c34                UART0_DriverIRQHandler
 .text.CLOCK_EnableClock
                0x00002c58       0x34 ./drivers/fsl_uart.o
 .text.UART_GetInstance
                0x00002c8c       0x54 ./drivers/fsl_uart.o
                0x00002c8c                UART_GetInstance
 .text.UART_Init
                0x00002ce0      0x1e0 ./drivers/fsl_uart.o
                0x00002ce0                UART_Init
 .text.UART_GetDefaultConfig
                0x00002ec0       0x44 ./drivers/fsl_uart.o
                0x00002ec0                UART_GetDefaultConfig
 .text.UART_ReadBlocking
                0x00002f04       0x98 ./drivers/fsl_uart.o
                0x00002f04                UART_ReadBlocking
 .text.UART1_DriverIRQHandler
                0x00002f9c       0x24 ./drivers/fsl_uart.o
                0x00002f9c                UART1_DriverIRQHandler
 .text.UART2_DriverIRQHandler
                0x00002fc0       0x24 ./drivers/fsl_uart.o
                0x00002fc0                UART2_DriverIRQHandler
 .text.CLOCK_SetLpsci0Clock
                0x00002fe4       0x38 ./board/board.o
 .text.BOARD_InitDebugConsole
                0x0000301c       0x30 ./board/board.o
                0x0000301c                BOARD_InitDebugConsole
 .text.CLOCK_SetSimSafeDivs
                0x0000304c       0x20 ./board/clock_config.o
 .text.CLOCK_SetXtal0Freq
                0x0000306c       0x1c ./board/clock_config.o
 .text.CLOCK_CONFIG_SetFllExtRefDiv
                0x00003088       0x3c ./board/clock_config.o
 .text.BOARD_BootClockRUN
                0x000030c4       0x64 ./board/clock_config.o
                0x000030c4                BOARD_BootClockRUN
 .text.CLOCK_EnableClock
                0x00003128       0x34 ./board/pin_mux.o
 .text.PORT_SetPinMux
                0x0000315c       0x40 ./board/pin_mux.o
 .text.BOARD_InitPins
                0x0000319c       0xb8 ./board/pin_mux.o
                0x0000319c                BOARD_InitPins
 .text.SystemInit
                0x00003254       0x18 ./CMSIS/system_MKL25Z4.o
                0x00003254                SystemInit
 .text._initio  0x0000326c       0x7c c:/nxp/mcuxpressoide_11.0.1_2563/ide/plugins/com.nxp.mcuxpresso.tools.win32_11.0.1.201907311258/tools/bin/../lib/gcc/arm-none-eabi/8.2.1/../../../../arm-none-eabi/lib/thumb/v6-m/nofp\libcr_c.a(initio.o)
                0x0000326c                _initio
 .text._terminateio
                0x000032e8       0x50 c:/nxp/mcuxpressoide_11.0.1_2563/ide/plugins/com.nxp.mcuxpresso.tools.win32_11.0.1.201907311258/tools/bin/../lib/gcc/arm-none-eabi/8.2.1/../../../../arm-none-eabi/lib/thumb/v6-m/nofp\libcr_c.a(initio.o)
                0x000032e8                _terminateio
 .text.setvbuf  0x00003338       0x4c c:/nxp/mcuxpressoide_11.0.1_2563/ide/plugins/com.nxp.mcuxpresso.tools.win32_11.0.1.201907311258/tools/bin/../lib/gcc/arm-none-eabi/8.2.1/../../../../arm-none-eabi/lib/thumb/v6-m/nofp\libcr_c.a(setvbuf.o)
                0x00003338                setvbuf
 .text.exit     0x00003384       0x2c c:/nxp/mcuxpressoide_11.0.1_2563/ide/plugins/com.nxp.mcuxpresso.tools.win32_11.0.1.201907311258/tools/bin/../lib/gcc/arm-none-eabi/8.2.1/../../../../arm-none-eabi/lib/thumb/v6-m/nofp\libcr_c.a(stdlib.o)
                0x00003384                exit
 .text.strlen   0x000033b0       0x58 c:/nxp/mcuxpressoide_11.0.1_2563/ide/plugins/com.nxp.mcuxpresso.tools.win32_11.0.1.201907311258/tools/bin/../lib/gcc/arm-none-eabi/8.2.1/../../../../arm-none-eabi/lib/thumb/v6-m/nofp\libcr_c.a(strlen.o)
                0x000033b0                strlen
 .text._fdopen  0x00003408       0x74 c:/nxp/mcuxpressoide_11.0.1_2563/ide/plugins/com.nxp.mcuxpresso.tools.win32_11.0.1.201907311258/tools/bin/../lib/gcc/arm-none-eabi/8.2.1/../../../../arm-none-eabi/lib/thumb/v6-m/nofp\libcr_c.a(_fdopen.o)
                0x00003408                _fdopen
 .text.fclose   0x0000347c       0x5c c:/nxp/mcuxpressoide_11.0.1_2563/ide/plugins/com.nxp.mcuxpresso.tools.win32_11.0.1.201907311258/tools/bin/../lib/gcc/arm-none-eabi/8.2.1/../../../../arm-none-eabi/lib/thumb/v6-m/nofp\libcr_c.a(fclose.o)
                0x0000347c                fclose
 .text.fflush   0x000034d8       0x44 c:/nxp/mcuxpressoide_11.0.1_2563/ide/plugins/com.nxp.mcuxpresso.tools.win32_11.0.1.201907311258/tools/bin/../lib/gcc/arm-none-eabi/8.2.1/../../../../arm-none-eabi/lib/thumb/v6-m/nofp\libcr_c.a(fflush.o)
                0x000034d8                fflush
 .text.fseek    0x0000351c       0xf0 c:/nxp/mcuxpressoide_11.0.1_2563/ide/plugins/com.nxp.mcuxpresso.tools.win32_11.0.1.201907311258/tools/bin/../lib/gcc/arm-none-eabi/8.2.1/../../../../arm-none-eabi/lib/thumb/v6-m/nofp\libcr_c.a(fseek.o)
                0x0000351c                fseek
 .text.ftell    0x0000360c       0x48 c:/nxp/mcuxpressoide_11.0.1_2563/ide/plugins/com.nxp.mcuxpresso.tools.win32_11.0.1.201907311258/tools/bin/../lib/gcc/arm-none-eabi/8.2.1/../../../../arm-none-eabi/lib/thumb/v6-m/nofp\libcr_c.a(ftell.o)
                0x0000360c                ftell
 .text._do_fflush
                0x00003654       0x44 c:/nxp/mcuxpressoide_11.0.1_2563/ide/plugins/com.nxp.mcuxpresso.tools.win32_11.0.1.201907311258/tools/bin/../lib/gcc/arm-none-eabi/8.2.1/../../../../arm-none-eabi/lib/thumb/v6-m/nofp\libcr_c.a(_do_fflush.o)
                0x00003654                _do_fflush
 .text._fflush  0x00003698       0x5c c:/nxp/mcuxpressoide_11.0.1_2563/ide/plugins/com.nxp.mcuxpresso.tools.win32_11.0.1.201907311258/tools/bin/../lib/gcc/arm-none-eabi/8.2.1/../../../../arm-none-eabi/lib/thumb/v6-m/nofp\libcr_c.a(_fflush.o)
                0x00003698                _fflush
 .text._Cwritebuf
                0x000036f4       0x68 c:/nxp/mcuxpressoide_11.0.1_2563/ide/plugins/com.nxp.mcuxpresso.tools.win32_11.0.1.201907311258/tools/bin/../lib/gcc/arm-none-eabi/8.2.1/../../../../arm-none-eabi/lib/thumb/v6-m/nofp\libcr_c.a(_writebuf.o)
                0x000036f4                _Cwritebuf
 .text._deferredlazyseek
                0x0000375c       0x40 c:/nxp/mcuxpressoide_11.0.1_2563/ide/plugins/com.nxp.mcuxpresso.tools.win32_11.0.1.201907311258/tools/bin/../lib/gcc/arm-none-eabi/8.2.1/../../../../arm-none-eabi/lib/thumb/v6-m/nofp\libcr_c.a(_deferredlazyseek.o)
                0x0000375c                _deferredlazyseek
 .text.UART_EnableTx
                0x0000379c       0x40 ./utilities/fsl_debug_console.o
 .text.UART_EnableRx
                0x000037dc       0x40 ./utilities/fsl_debug_console.o
 .text.LPSCI_EnableTx
                0x0000381c       0x40 ./utilities/fsl_debug_console.o
 .text.LPSCI_EnableRx
                0x0000385c       0x40 ./utilities/fsl_debug_console.o
 .text.DbgConsole_PrintfPaddingCharacter
                0x0000389c       0x46 ./utilities/fsl_debug_console.o
 .text.DbgConsole_ConvertRadixNumToString
                0x000038e2      0x114 ./utilities/fsl_debug_console.o
 .text.DbgConsole_PrintfFormattedData
                0x000039f6      0x336 ./utilities/fsl_debug_console.o
 .text.GPIO_WritePinOutput
                0x00003d2c       0x34 ./source/led.o
 .text.GPIO_SetPinsOutput
                0x00003d60       0x18 ./source/led.o
 .text.GPIO_ClearPinsOutput
                0x00003d78       0x18 ./source/led.o
 .text.System_WriteString
                0x00003d90       0x18 ./source/system.o
                0x00003d90                System_WriteString
 .text.OSC_SetExtRefClkConfig
                0x00003da8       0x3e ./drivers/fsl_clock.o
 .text.OSC_SetCapLoad
                0x00003de6       0x42 ./drivers/fsl_clock.o
 .text.CLOCK_GetPll0RefFreq
                0x00003e28       0x10 ./drivers/fsl_clock.o
 .text.CLOCK_SetExternalRefClkConfig
                0x00003e38       0x16 ./drivers/fsl_clock.o
                0x00003e38                CLOCK_SetExternalRefClkConfig
 .text.LPSCI_GetStatusFlags
                0x00003e4e       0x26 ./drivers/fsl_lpsci.o
                0x00003e4e                LPSCI_GetStatusFlags
 .text.UART_GetStatusFlags
                0x00003e74       0x26 ./drivers/fsl_uart.o
                0x00003e74                UART_GetStatusFlags
 .text.UART_WriteBlocking
                0x00003e9a       0x3a ./drivers/fsl_uart.o
                0x00003e9a                UART_WriteBlocking
 .text.BOARD_InitBootClocks
                0x00003ed4        0xe ./board/clock_config.o
                0x00003ed4                BOARD_InitBootClocks
 .text.BOARD_InitBootPeripherals
                0x00003ee2        0xa ./board/peripherals.o
                0x00003ee2                BOARD_InitBootPeripherals
 .text.BOARD_InitBootPins
                0x00003eec        0xe ./board/pin_mux.o
                0x00003eec                BOARD_InitBootPins
 .text.__sys_appexit
                0x00003efa        0x2 c:/nxp/mcuxpressoide_11.0.1_2563/ide/plugins/com.nxp.mcuxpresso.tools.win32_11.0.1.201907311258/tools/bin/../lib/gcc/arm-none-eabi/8.2.1/../../../../arm-none-eabi/lib/thumb/v6-m/nofp\libcr_nohost_nf.a(__sys_appexit.o)
                0x00003efa                __sys_appexit
                0x00003efa                __exit
 .text.__main   0x00003efc        0xc c:/nxp/mcuxpressoide_11.0.1_2563/ide/plugins/com.nxp.mcuxpresso.tools.win32_11.0.1.201907311258/tools/bin/../lib/gcc/arm-none-eabi/8.2.1/../../../../arm-none-eabi/lib/thumb/v6-m/nofp\libcr_nohost_nf.a(_cr__main.o)
                0x00003efc                __main
 .text.memset   0x00003f08        0x8 c:/nxp/mcuxpressoide_11.0.1_2563/ide/plugins/com.nxp.mcuxpresso.tools.win32_11.0.1.201907311258/tools/bin/../lib/gcc/arm-none-eabi/8.2.1/../../../../arm-none-eabi/lib/thumb/v6-m/nofp\libcr_c.a(memset.o)
                0x00003f08                memset
 .text.remove   0x00003f10       0x12 c:/nxp/mcuxpressoide_11.0.1_2563/ide/plugins/com.nxp.mcuxpresso.tools.win32_11.0.1.201907311258/tools/bin/../lib/gcc/arm-none-eabi/8.2.1/../../../../arm-none-eabi/lib/thumb/v6-m/nofp\libcr_c.a(remove.o)
                0x00003f10                remove
 .text.free     0x00003f22       0x2c c:/nxp/mcuxpressoide_11.0.1_2563/ide/plugins/com.nxp.mcuxpresso.tools.win32_11.0.1.201907311258/tools/bin/../lib/gcc/arm-none-eabi/8.2.1/../../../../arm-none-eabi/lib/thumb/v6-m/nofp\libcr_c.a(alloc.o)
                0x00003f22                free
 .text.__aeabi_division_idivmod
                0x00003f4e       0x78 c:/nxp/mcuxpressoide_11.0.1_2563/ide/plugins/com.nxp.mcuxpresso.tools.win32_11.0.1.201907311258/tools/bin/../lib/gcc/arm-none-eabi/8.2.1/thumb/v6-m/nofp\libcr_eabihelpers.a(division_32.o)
                0x00003f4e                __aeabi_idivmod
                0x00003f4e                __aeabi_idiv
                0x00003f54                __aeabi_uidivmod
                0x00003f54                __aeabi_uidiv
 .text.__aeabi_division_idiv0
                0x00003fc6        0x2 c:/nxp/mcuxpressoide_11.0.1_2563/ide/plugins/com.nxp.mcuxpresso.tools.win32_11.0.1.201907311258/tools/bin/../lib/gcc/arm-none-eabi/8.2.1/thumb/v6-m/nofp\libcr_eabihelpers.a(division_idiv0.o)
                0x00003fc6                __aeabi_idiv0
 .text.__aeabi_memset_lowlevel
                0x00003fc8       0x2a c:/nxp/mcuxpressoide_11.0.1_2563/ide/plugins/com.nxp.mcuxpresso.tools.win32_11.0.1.201907311258/tools/bin/../lib/gcc/arm-none-eabi/8.2.1/thumb/v6-m/nofp\libcr_eabihelpers.a(memcpy.o)
                0x00003fc8                __aeabi_lowlevel_memset
 .text.__sys_close
                0x00003ff2        0x6 c:/nxp/mcuxpressoide_11.0.1_2563/ide/plugins/com.nxp.mcuxpresso.tools.win32_11.0.1.201907311258/tools/bin/../lib/gcc/arm-none-eabi/8.2.1/../../../../arm-none-eabi/lib/thumb/v6-m/nofp\libcr_nohost_nf.a(__sys_close.o)
                0x00003ff2                __sys_close
 .text.__sys_flen
                0x00003ff8        0x6 c:/nxp/mcuxpressoide_11.0.1_2563/ide/plugins/com.nxp.mcuxpresso.tools.win32_11.0.1.201907311258/tools/bin/../lib/gcc/arm-none-eabi/8.2.1/../../../../arm-none-eabi/lib/thumb/v6-m/nofp\libcr_nohost_nf.a(__sys_flen.o)
                0x00003ff8                __sys_flen
 .text.__sys_istty
                0x00003ffe        0x6 c:/nxp/mcuxpressoide_11.0.1_2563/ide/plugins/com.nxp.mcuxpresso.tools.win32_11.0.1.201907311258/tools/bin/../lib/gcc/arm-none-eabi/8.2.1/../../../../arm-none-eabi/lib/thumb/v6-m/nofp\libcr_nohost_nf.a(__sys_istty.o)
                0x00003ffe                __sys_istty
 .text.__sys_remove
                0x00004004        0x6 c:/nxp/mcuxpressoide_11.0.1_2563/ide/plugins/com.nxp.mcuxpresso.tools.win32_11.0.1.201907311258/tools/bin/../lib/gcc/arm-none-eabi/8.2.1/../../../../arm-none-eabi/lib/thumb/v6-m/nofp\libcr_nohost_nf.a(__sys_remove.o)
                0x00004004                __sys_remove
 .text.__sys_seek
                0x0000400a        0x6 c:/nxp/mcuxpressoide_11.0.1_2563/ide/plugins/com.nxp.mcuxpresso.tools.win32_11.0.1.201907311258/tools/bin/../lib/gcc/arm-none-eabi/8.2.1/../../../../arm-none-eabi/lib/thumb/v6-m/nofp\libcr_nohost_nf.a(__sys_seek.o)
                0x0000400a                __sys_seek
 .text.__sys_tmpnam
                0x00004010        0x6 c:/nxp/mcuxpressoide_11.0.1_2563/ide/plugins/com.nxp.mcuxpresso.tools.win32_11.0.1.201907311258/tools/bin/../lib/gcc/arm-none-eabi/8.2.1/../../../../arm-none-eabi/lib/thumb/v6-m/nofp\libcr_nohost_nf.a(__sys_tmpnam.o)
                0x00004010                __sys_tmpnam
 *(SORT_BY_ALIGNMENT(.rodata) SORT_BY_ALIGNMENT(.rodata.*) SORT_BY_ALIGNMENT(.constdata) SORT_BY_ALIGNMENT(.constdata.*))
 *fill*         0x00004016        0x2 ff
 .rodata        0x00004018      0x2fb ./source/logger.o
 *fill*         0x00004313        0x1 ff
 .rodata        0x00004314       0x8a ./source/project.o
 *fill*         0x0000439e        0x2 ff
 .rodata        0x000043a0      0x17a ./source/state_driven.o
 *fill*         0x0000451a        0x2 ff
 .rodata        0x0000451c       0x78 ./source/system.o
 .rodata        0x00004594      0x1de ./source/tabledriven.o
 *fill*         0x00004772        0x2 ff
 .rodata        0x00004774      0x221 ./source/unittest.o
 *fill*         0x00004995        0x3 ff
 .rodata        0x00004998      0x11d ./drivers/fsl_clock.o
 *fill*         0x00004ab5        0x3 ff
 .rodata.fllFactorTable.5230
                0x00004ab8       0x10 ./drivers/fsl_clock.o
 .rodata        0x00004ac8        0x4 ./drivers/fsl_common.o
 .rodata        0x00004acc      0x48c ./drivers/fsl_lpsci.o
 .rodata.s_uartBases
                0x00004f58        0xc ./drivers/fsl_uart.o
 .rodata.s_uartClock
                0x00004f64        0xc ./drivers/fsl_uart.o
 .rodata        0x00004f70      0x45b ./drivers/fsl_uart.o
 *fill*         0x000053cb        0x1 ff
 .rodata.mcgConfig_BOARD_BootClockRUN
                0x000053cc        0xa ./board/clock_config.o
                0x000053cc                mcgConfig_BOARD_BootClockRUN
 *fill*         0x000053d6        0x2 ff
 .rodata.simConfig_BOARD_BootClockRUN
                0x000053d8        0x8 ./board/clock_config.o
                0x000053d8                simConfig_BOARD_BootClockRUN
 .rodata.oscConfig_BOARD_BootClockRUN
                0x000053e0        0x8 ./board/clock_config.o
                0x000053e0                oscConfig_BOARD_BootClockRUN
 .rodata.__num_Ciob_streams
                0x000053e8        0x4 c:/nxp/mcuxpressoide_11.0.1_2563/ide/plugins/com.nxp.mcuxpresso.tools.win32_11.0.1.201907311258/tools/bin/../lib/gcc/arm-none-eabi/8.2.1/../../../../arm-none-eabi/lib/thumb/v6-m/nofp\libcr_nohost_nf.a(__ciob.o)
                0x000053e8                __num_Ciob_streams
 .rodata._initio.str1.1
                0x000053ec        0x4 c:/nxp/mcuxpressoide_11.0.1_2563/ide/plugins/com.nxp.mcuxpresso.tools.win32_11.0.1.201907311258/tools/bin/../lib/gcc/arm-none-eabi/8.2.1/../../../../arm-none-eabi/lib/thumb/v6-m/nofp\libcr_c.a(initio.o)
                0x000053f0                . = ALIGN (0x4)

.glue_7         0x000053f0        0x0
 .glue_7        0x000053f0        0x0 linker stubs

.glue_7t        0x000053f0        0x0
 .glue_7t       0x000053f0        0x0 linker stubs

.vfp11_veneer   0x000053f0        0x0
 .vfp11_veneer  0x000053f0        0x0 linker stubs

.v4_bx          0x000053f0        0x0
 .v4_bx         0x000053f0        0x0 linker stubs

.iplt           0x000053f0        0x0
 .iplt          0x000053f0        0x0 ./utilities/fsl_debug_console.o

.rel.dyn        0x000053f0        0x0
 .rel.iplt      0x000053f0        0x0 ./utilities/fsl_debug_console.o

.ARM.extab
 *(SORT_BY_ALIGNMENT(.ARM.extab*) SORT_BY_ALIGNMENT(.gnu.linkonce.armextab.*))
                0x000053f0                __exidx_start = .

.ARM.exidx
 *(SORT_BY_ALIGNMENT(.ARM.exidx*) SORT_BY_ALIGNMENT(.gnu.linkonce.armexidx.*))
                0x000053f0                __exidx_end = .
                0x000053f0                _etext = .

.m_usb_data
 *(SORT_BY_ALIGNMENT(m_usb_bdt))

.mtb_buffer_default
                0x1ffff000       0x80
 *(SORT_BY_ALIGNMENT(.mtb*))
 .mtb.$RAM1     0x1ffff000       0x80 ./source/mtb.o
                0x1ffff000                __mtb_buffer__

.uninit_RESERVED
                0x1ffff080        0x0
                0x1ffff080                . = ALIGN (0x4)
 *(SORT_BY_ALIGNMENT(.bss.$RESERVED*))
                0x1ffff080                . = ALIGN (0x4)
                0x1ffff080                _end_uninit_RESERVED = .

.data           0x1ffff080      0x7b8 load address 0x000053f0
 FILL mask 0xff
                0x1ffff080                _data = .
 *(SORT_BY_ALIGNMENT(vtable))
 *(SORT_BY_ALIGNMENT(.ramfunc*))
 *(SORT_BY_ALIGNMENT(CodeQuickAccess))
 *(SORT_BY_ALIGNMENT(DataQuickAccess))
 *(SORT_BY_ALIGNMENT(RamFunction))
 *(SORT_BY_ALIGNMENT(.data*))
 .data.ch_arr   0x1ffff080      0x640 ./source/project.o
                0x1ffff080                ch_arr
 .data.StateMachine
                0x1ffff6c0      0x168 ./source/tabledriven.o
                0x1ffff6c0                StateMachine
 .data.s_p      0x1ffff828        0x4 ./source/tabledriven.o
                0x1ffff828                s_p
 .data.s_slowIrcFreq
                0x1ffff82c        0x4 ./drivers/fsl_clock.o
 .data.SystemCoreClock
                0x1ffff830        0x4 ./CMSIS/system_MKL25Z4.o
                0x1ffff830                SystemCoreClock
 .data.var_print
                0x1ffff834        0x1 ./source/state_driven.o
                0x1ffff834                var_print
 .data.tvar_print
                0x1ffff835        0x1 ./source/tabledriven.o
                0x1ffff835                tvar_print
                0x1ffff838                . = ALIGN (0x4)
 *fill*         0x1ffff836        0x2 ff
                0x1ffff838                _edata = .

.igot.plt       0x1ffff838        0x0 load address 0x00005ba8
 .igot.plt      0x1ffff838        0x0 ./utilities/fsl_debug_console.o

.bss            0x1ffff838      0x264 load address 0x00005ba8
                0x1ffff838                . = ALIGN (0x4)
                0x1ffff838                _bss = .
 *(SORT_BY_ALIGNMENT(.bss*))
 .bss.s_debugConsole
                0x1ffff838       0x10 ./utilities/fsl_debug_console.o
 .bss.arr       0x1ffff848       0x64 ./source/state_driven.o
                0x1ffff848                arr
 .bss.tarr      0x1ffff8ac       0x64 ./source/tabledriven.o
                0x1ffff8ac                tarr
 .bss.ucunit_checks_failed
                0x1ffff910        0x4 ./source/unittest.o
 .bss.ucunit_checks_passed
                0x1ffff914        0x4 ./source/unittest.o
 .bss.ucunit_testcases_failed
                0x1ffff918        0x4 ./source/unittest.o
 .bss.ucunit_testcases_passed
                0x1ffff91c        0x4 ./source/unittest.o
 .bss.ucunit_testcases_failed_checks
                0x1ffff920        0x4 ./source/unittest.o
 .bss.ucunit_checklist_failed_checks
                0x1ffff924        0x4 ./source/unittest.o
 .bss.ucunit_action
                0x1ffff928        0x4 ./source/unittest.o
 .bss.g_xtal0Freq
                0x1ffff92c        0x4 ./drivers/fsl_clock.o
                0x1ffff92c                g_xtal0Freq
 .bss.s_lpsciHandle
                0x1ffff930        0x4 ./drivers/fsl_lpsci.o
 .bss.s_lpsciIsr
                0x1ffff934        0x4 ./drivers/fsl_lpsci.o
 .bss.s_uartHandle
                0x1ffff938        0xc ./drivers/fsl_uart.o
 .bss.s_uartIsr
                0x1ffff944        0x4 ./drivers/fsl_uart.o
 .bss._exitvector
                0x1ffff948       0x84 c:/nxp/mcuxpressoide_11.0.1_2563/ide/plugins/com.nxp.mcuxpresso.tools.win32_11.0.1.201907311258/tools/bin/../lib/gcc/arm-none-eabi/8.2.1/../../../../arm-none-eabi/lib/thumb/v6-m/nofp\libcr_c.a(stdlib.o)
                0x1ffff948                _exitvector
 .bss._number_of_exit_functions
                0x1ffff9cc        0x4 c:/nxp/mcuxpressoide_11.0.1_2563/ide/plugins/com.nxp.mcuxpresso.tools.win32_11.0.1.201907311258/tools/bin/../lib/gcc/arm-none-eabi/8.2.1/../../../../arm-none-eabi/lib/thumb/v6-m/nofp\libcr_c.a(stdlib.o)
                0x1ffff9cc                _number_of_exit_functions
 .bss.errno     0x1ffff9d0        0x4 c:/nxp/mcuxpressoide_11.0.1_2563/ide/plugins/com.nxp.mcuxpresso.tools.win32_11.0.1.201907311258/tools/bin/../lib/gcc/arm-none-eabi/8.2.1/../../../../arm-none-eabi/lib/thumb/v6-m/nofp\libcr_c.a(errno.o)
                0x1ffff9d0                errno
 .bss.__Ciob    0x1ffff9d4       0xb4 c:/nxp/mcuxpressoide_11.0.1_2563/ide/plugins/com.nxp.mcuxpresso.tools.win32_11.0.1.201907311258/tools/bin/../lib/gcc/arm-none-eabi/8.2.1/../../../../arm-none-eabi/lib/thumb/v6-m/nofp\libcr_nohost_nf.a(__ciob.o)
                0x1ffff9d4                __Ciob
 .bss.post      0x1ffffa88        0x1 ./source/project.o
                0x1ffffa88                post
 .bss.disc_value
                0x1ffffa89        0x1 ./source/project.o
                0x1ffffa89                disc_value
 .bss.mo        0x1ffffa8a        0x1 ./source/project.o
                0x1ffffa8a                mo
 .bss.element   0x1ffffa8b        0x1 ./source/state_driven.o
                0x1ffffa8b                element
 .bss.timeout_var
                0x1ffffa8c        0x1 ./source/state_driven.o
                0x1ffffa8c                timeout_var
 .bss.disp_ele  0x1ffffa8d        0x1 ./source/state_driven.o
                0x1ffffa8d                disp_ele
 .bss.average_read
                0x1ffffa8e        0x1 ./source/state_driven.o
                0x1ffffa8e                average_read
 .bss.total_read
                0x1ffffa8f        0x1 ./source/state_driven.o
                0x1ffffa8f                total_read
 .bss.neg_temp  0x1ffffa90        0x1 ./source/state_driven.o
                0x1ffffa90                neg_temp
 .bss.m         0x1ffffa91        0x1 ./source/state_driven.o
                0x1ffffa91                m
 .bss.telement  0x1ffffa92        0x1 ./source/tabledriven.o
                0x1ffffa92                telement
 .bss.ttimeout_var
                0x1ffffa93        0x1 ./source/tabledriven.o
                0x1ffffa93                ttimeout_var
 .bss.tdisp_ele
                0x1ffffa94        0x1 ./source/tabledriven.o
                0x1ffffa94                tdisp_ele
 .bss.taverage_read
                0x1ffffa95        0x1 ./source/tabledriven.o
                0x1ffffa95                taverage_read
 .bss.ttotal_read
                0x1ffffa96        0x1 ./source/tabledriven.o
                0x1ffffa96                ttotal_read
 .bss.tneg_temp
                0x1ffffa97        0x1 ./source/tabledriven.o
                0x1ffffa97                tneg_temp
 .bss.ttime_var
                0x1ffffa98        0x1 ./source/tabledriven.o
                0x1ffffa98                ttime_var
 .bss.md        0x1ffffa99        0x1 ./source/tabledriven.o
                0x1ffffa99                md
 .bss.actual    0x1ffffa9a        0x1 ./source/unittest.o
                0x1ffffa9a                actual
 *(SORT_BY_ALIGNMENT(COMMON))
                0x1ffffa9c                . = ALIGN (0x4)
 *fill*         0x1ffffa9b        0x1 
                0x1ffffa9c                _ebss = .
                [!provide]                PROVIDE (end = .)

.noinit         0x1ffffa9c        0x0 load address 0x00005ba8
                0x1ffffa9c                . = ALIGN (0x4)
                0x1ffffa9c                _noinit = .
 *(SORT_BY_ALIGNMENT(.noinit*))
                0x1ffffa9c                . = ALIGN (0x4)
                0x1ffffa9c                _end_noinit = .
                0x00000400                _HeapSize = 0x400

.heap           0x1ffffa9c      0x400 load address 0x00005ba8
                0x1ffffa9c                _pvHeapStart = .
                0x1ffffe9c                . = (. + _HeapSize)
 *fill*         0x1ffffa9c      0x400 
                0x1ffffe9c                . = ALIGN (0x4)
                0x1ffffe9c                _pvHeapLimit = .
                0x00000400                _StackSize = 0x400

.heap2stackfill
                0x1ffffe9c      0x400 load address 0x00005ba8
                0x2000029c                . = (. + _StackSize)
 *fill*         0x1ffffe9c      0x400 

.stack          0x20002c00        0x0
                0x20002c00                _vStackBase = .
                0x20002c00                . = ALIGN (0x4)
                0x20003000                _vStackTop = (. + _StackSize)
                0x00000000                _image_start = LOADADDR (.text)
                0x00005ba8                _image_end = (LOADADDR (.data) + SIZEOF (.data))
                0x00005ba8                _image_size = (_image_end - _image_start)
OUTPUT(project4.axf elf32-littlearm)

.debug_info     0x00000000     0xbc4b
 .debug_info    0x00000000      0xe72 ./utilities/fsl_debug_console.o
 .debug_info    0x00000e72      0x4df ./startup/startup_mkl25z4.o
 .debug_info    0x00001351      0x8e0 ./source/TMP102.o
 .debug_info    0x00001c31      0x66d ./source/led.o
 .debug_info    0x0000229e      0x740 ./source/logger.o
 .debug_info    0x000029de       0x53 ./source/mtb.o
 .debug_info    0x00002a31      0x837 ./source/project.o
 .debug_info    0x00003268      0x16f ./source/retarget_itm.o
 .debug_info    0x000033d7       0x3c ./source/semihost_hardfault.o
 .debug_info    0x00003413      0x8e2 ./source/state_driven.o
 .debug_info    0x00003cf5      0x7b3 ./source/system.o
 .debug_info    0x000044a8      0xa72 ./source/tabledriven.o
 .debug_info    0x00004f1a      0x9c9 ./source/unittest.o
 .debug_info    0x000058e3     0x1a97 ./drivers/fsl_clock.o
 .debug_info    0x0000737a      0x44e ./drivers/fsl_common.o
 .debug_info    0x000077c8     0x1469 ./drivers/fsl_lpsci.o
 .debug_info    0x00008c31     0x140a ./drivers/fsl_uart.o
 .debug_info    0x0000a03b      0x6fa ./board/board.o
 .debug_info    0x0000a735      0xafe ./board/clock_config.o
 .debug_info    0x0000b233       0x3c ./board/peripherals.o
 .debug_info    0x0000b26f      0x5a3 ./board/pin_mux.o
 .debug_info    0x0000b812      0x439 ./CMSIS/system_MKL25Z4.o

.debug_abbrev   0x00000000     0x2738
 .debug_abbrev  0x00000000      0x2d7 ./utilities/fsl_debug_console.o
 .debug_abbrev  0x000002d7      0x18d ./startup/startup_mkl25z4.o
 .debug_abbrev  0x00000464      0x1d8 ./source/TMP102.o
 .debug_abbrev  0x0000063c      0x196 ./source/led.o
 .debug_abbrev  0x000007d2      0x1b0 ./source/logger.o
 .debug_abbrev  0x00000982       0x46 ./source/mtb.o
 .debug_abbrev  0x000009c8      0x1ca ./source/project.o
 .debug_abbrev  0x00000b92       0xda ./source/retarget_itm.o
 .debug_abbrev  0x00000c6c       0x31 ./source/semihost_hardfault.o
 .debug_abbrev  0x00000c9d      0x228 ./source/state_driven.o
 .debug_abbrev  0x00000ec5      0x190 ./source/system.o
 .debug_abbrev  0x00001055      0x245 ./source/tabledriven.o
 .debug_abbrev  0x0000129a      0x1ad ./source/unittest.o
 .debug_abbrev  0x00001447      0x36f ./drivers/fsl_clock.o
 .debug_abbrev  0x000017b6      0x27e ./drivers/fsl_common.o
 .debug_abbrev  0x00001a34      0x309 ./drivers/fsl_lpsci.o
 .debug_abbrev  0x00001d3d      0x323 ./drivers/fsl_uart.o
 .debug_abbrev  0x00002060      0x185 ./board/board.o
 .debug_abbrev  0x000021e5      0x211 ./board/clock_config.o
 .debug_abbrev  0x000023f6       0x31 ./board/peripherals.o
 .debug_abbrev  0x00002427      0x1bb ./board/pin_mux.o
 .debug_abbrev  0x000025e2      0x156 ./CMSIS/system_MKL25Z4.o

.debug_aranges  0x00000000      0x978
 .debug_aranges
                0x00000000       0x90 ./utilities/fsl_debug_console.o
 .debug_aranges
                0x00000090      0x160 ./startup/startup_mkl25z4.o
 .debug_aranges
                0x000001f0       0x30 ./source/TMP102.o
 .debug_aranges
                0x00000220       0x50 ./source/led.o
 .debug_aranges
                0x00000270       0x30 ./source/logger.o
 .debug_aranges
                0x000002a0       0x18 ./source/mtb.o
 .debug_aranges
                0x000002b8       0x28 ./source/project.o
 .debug_aranges
                0x000002e0       0x28 ./source/retarget_itm.o
 .debug_aranges
                0x00000308       0x20 ./source/semihost_hardfault.o
 .debug_aranges
                0x00000328       0x50 ./source/state_driven.o
 .debug_aranges
                0x00000378       0x48 ./source/system.o
 .debug_aranges
                0x000003c0       0x40 ./source/tabledriven.o
 .debug_aranges
                0x00000400       0x20 ./source/unittest.o
 .debug_aranges
                0x00000420      0x1d8 ./drivers/fsl_clock.o
 .debug_aranges
                0x000005f8       0x38 ./drivers/fsl_common.o
 .debug_aranges
                0x00000630      0x118 ./drivers/fsl_lpsci.o
 .debug_aranges
                0x00000748      0x130 ./drivers/fsl_uart.o
 .debug_aranges
                0x00000878       0x28 ./board/board.o
 .debug_aranges
                0x000008a0       0x58 ./board/clock_config.o
 .debug_aranges
                0x000008f8       0x20 ./board/peripherals.o
 .debug_aranges
                0x00000918       0x38 ./board/pin_mux.o
 .debug_aranges
                0x00000950       0x28 ./CMSIS/system_MKL25Z4.o

.debug_ranges   0x00000000      0x810
 .debug_ranges  0x00000000       0x80 ./utilities/fsl_debug_console.o
 .debug_ranges  0x00000080      0x150 ./startup/startup_mkl25z4.o
 .debug_ranges  0x000001d0       0x20 ./source/TMP102.o
 .debug_ranges  0x000001f0       0x40 ./source/led.o
 .debug_ranges  0x00000230       0x20 ./source/logger.o
 .debug_ranges  0x00000250       0x18 ./source/project.o
 .debug_ranges  0x00000268       0x18 ./source/retarget_itm.o
 .debug_ranges  0x00000280       0x10 ./source/semihost_hardfault.o
 .debug_ranges  0x00000290       0x40 ./source/state_driven.o
 .debug_ranges  0x000002d0       0x38 ./source/system.o
 .debug_ranges  0x00000308       0x30 ./source/tabledriven.o
 .debug_ranges  0x00000338       0x10 ./source/unittest.o
 .debug_ranges  0x00000348      0x1c8 ./drivers/fsl_clock.o
 .debug_ranges  0x00000510       0x28 ./drivers/fsl_common.o
 .debug_ranges  0x00000538      0x108 ./drivers/fsl_lpsci.o
 .debug_ranges  0x00000640      0x120 ./drivers/fsl_uart.o
 .debug_ranges  0x00000760       0x18 ./board/board.o
 .debug_ranges  0x00000778       0x48 ./board/clock_config.o
 .debug_ranges  0x000007c0       0x10 ./board/peripherals.o
 .debug_ranges  0x000007d0       0x28 ./board/pin_mux.o
 .debug_ranges  0x000007f8       0x18 ./CMSIS/system_MKL25Z4.o

.debug_macro    0x00000000     0x996f
 .debug_macro   0x00000000      0x127 ./utilities/fsl_debug_console.o
 .debug_macro   0x00000127      0xab4 ./utilities/fsl_debug_console.o
 .debug_macro   0x00000bdb       0x10 ./utilities/fsl_debug_console.o
 .debug_macro   0x00000beb       0x16 ./utilities/fsl_debug_console.o
 .debug_macro   0x00000c01       0x10 ./utilities/fsl_debug_console.o
 .debug_macro   0x00000c11      0x12e ./utilities/fsl_debug_console.o
 .debug_macro   0x00000d3f       0x28 ./utilities/fsl_debug_console.o
 .debug_macro   0x00000d67       0xc4 ./utilities/fsl_debug_console.o
 .debug_macro   0x00000e2b       0x16 ./utilities/fsl_debug_console.o
 .debug_macro   0x00000e41       0x22 ./utilities/fsl_debug_console.o
 .debug_macro   0x00000e63      0x5b3 ./utilities/fsl_debug_console.o
 .debug_macro   0x00001416       0x10 ./utilities/fsl_debug_console.o
 .debug_macro   0x00001426       0x3f ./utilities/fsl_debug_console.o
 .debug_macro   0x00001465       0x3a ./utilities/fsl_debug_console.o
 .debug_macro   0x0000149f       0x26 ./utilities/fsl_debug_console.o
 .debug_macro   0x000014c5      0x329 ./utilities/fsl_debug_console.o
 .debug_macro   0x000017ee       0x30 ./utilities/fsl_debug_console.o
 .debug_macro   0x0000181e     0x51e2 ./utilities/fsl_debug_console.o
 .debug_macro   0x00006a00     0x1352 ./utilities/fsl_debug_console.o
 .debug_macro   0x00007d52       0x3a ./utilities/fsl_debug_console.o
 .debug_macro   0x00007d8c       0xf4 ./utilities/fsl_debug_console.o
 .debug_macro   0x00007e80       0x35 ./utilities/fsl_debug_console.o
 .debug_macro   0x00007eb5       0x2e ./utilities/fsl_debug_console.o
 .debug_macro   0x00007ee3       0x10 ./utilities/fsl_debug_console.o
 .debug_macro   0x00007ef3       0x10 ./utilities/fsl_debug_console.o
 .debug_macro   0x00007f03       0x29 ./startup/startup_mkl25z4.o
 .debug_macro   0x00007f2c      0x16a ./source/TMP102.o
 .debug_macro   0x00008096       0xd8 ./source/TMP102.o
 .debug_macro   0x0000816e       0x22 ./source/TMP102.o
 .debug_macro   0x00008190       0x16 ./source/TMP102.o
 .debug_macro   0x000081a6       0x10 ./source/TMP102.o
 .debug_macro   0x000081b6      0x112 ./source/TMP102.o
 .debug_macro   0x000082c8       0x64 ./source/TMP102.o
 .debug_macro   0x0000832c       0x34 ./source/TMP102.o
 .debug_macro   0x00008360       0x52 ./source/TMP102.o
 .debug_macro   0x000083b2      0x144 ./source/led.o
 .debug_macro   0x000084f6       0x1c ./source/led.o
 .debug_macro   0x00008512      0x16a ./source/logger.o
 .debug_macro   0x0000867c       0x2f ./source/mtb.o
 .debug_macro   0x000086ab       0x82 ./source/mtb.o
 .debug_macro   0x0000872d       0x10 ./source/mtb.o
 .debug_macro   0x0000873d      0x187 ./source/project.o
 .debug_macro   0x000088c4       0x10 ./source/project.o
 .debug_macro   0x000088d4       0xf2 ./source/project.o
 .debug_macro   0x000089c6       0x78 ./source/retarget_itm.o
 .debug_macro   0x00008a3e       0x11 ./source/semihost_hardfault.o
 .debug_macro   0x00008a4f      0x17e ./source/state_driven.o
 .debug_macro   0x00008bcd       0xd2 ./source/state_driven.o
 .debug_macro   0x00008c9f      0x174 ./source/system.o
 .debug_macro   0x00008e13      0x17e ./source/tabledriven.o
 .debug_macro   0x00008f91      0x17d ./source/unittest.o
 .debug_macro   0x0000910e      0x196 ./drivers/fsl_clock.o
 .debug_macro   0x000092a4       0x1c ./drivers/fsl_clock.o
 .debug_macro   0x000092c0       0xef ./drivers/fsl_common.o
 .debug_macro   0x000093af       0xec ./drivers/fsl_lpsci.o
 .debug_macro   0x0000949b       0xf2 ./drivers/fsl_uart.o
 .debug_macro   0x0000958d      0x112 ./board/board.o
 .debug_macro   0x0000969f      0x123 ./board/clock_config.o
 .debug_macro   0x000097c2       0x1b ./board/peripherals.o
 .debug_macro   0x000097dd       0xee ./board/pin_mux.o
 .debug_macro   0x000098cb       0x10 ./board/pin_mux.o
 .debug_macro   0x000098db       0x94 ./CMSIS/system_MKL25Z4.o

.debug_line     0x00000000     0x7229
 .debug_line    0x00000000      0xc18 ./utilities/fsl_debug_console.o
 .debug_line    0x00000c18      0x1e7 ./startup/startup_mkl25z4.o
 .debug_line    0x00000dff      0x45a ./source/TMP102.o
 .debug_line    0x00001259      0x39e ./source/led.o
 .debug_line    0x000015f7      0x462 ./source/logger.o
 .debug_line    0x00001a59       0xd1 ./source/mtb.o
 .debug_line    0x00001b2a      0x39e ./source/project.o
 .debug_line    0x00001ec8      0x21d ./source/retarget_itm.o
 .debug_line    0x000020e5       0x5a ./source/semihost_hardfault.o
 .debug_line    0x0000213f      0x5ce ./source/state_driven.o
 .debug_line    0x0000270d      0x398 ./source/system.o
 .debug_line    0x00002aa5      0x666 ./source/tabledriven.o
 .debug_line    0x0000310b      0x3d5 ./source/unittest.o
 .debug_line    0x000034e0     0x12b1 ./drivers/fsl_clock.o
 .debug_line    0x00004791      0x350 ./drivers/fsl_common.o
 .debug_line    0x00004ae1      0xd32 ./drivers/fsl_lpsci.o
 .debug_line    0x00005813      0xd21 ./drivers/fsl_uart.o
 .debug_line    0x00006534      0x2e3 ./board/board.o
 .debug_line    0x00006817      0x373 ./board/clock_config.o
 .debug_line    0x00006b8a       0x5c ./board/peripherals.o
 .debug_line    0x00006be6      0x304 ./board/pin_mux.o
 .debug_line    0x00006eea      0x33f ./CMSIS/system_MKL25Z4.o

.debug_str      0x00000000    0x37835
 .debug_str     0x00000000    0x314cb ./utilities/fsl_debug_console.o
                              0x31779 (size before relaxing)
 .debug_str     0x000314cb      0x3e1 ./startup/startup_mkl25z4.o
                               0x31cc (size before relaxing)
 .debug_str     0x000318ac     0x157f ./source/TMP102.o
                              0x31bda (size before relaxing)
 .debug_str     0x00032e2b       0xa1 ./source/led.o
                              0x31922 (size before relaxing)
 .debug_str     0x00032ecc       0x54 ./source/logger.o
                              0x31f6d (size before relaxing)
 .debug_str     0x00032f20      0x532 ./source/mtb.o
                               0x32d8 (size before relaxing)
 .debug_str     0x00033452     0x106a ./source/project.o
                              0x32f1f (size before relaxing)
 .debug_str     0x000344bc      0x218 ./source/retarget_itm.o
                               0x46c2 (size before relaxing)
 .debug_str     0x000346d4       0x1f ./source/semihost_hardfault.o
                               0x2dc5 (size before relaxing)
 .debug_str     0x000346f3       0xb1 ./source/state_driven.o
                              0x32099 (size before relaxing)
 .debug_str     0x000347a4       0x7d ./source/system.o
                              0x32d83 (size before relaxing)
 .debug_str     0x00034821       0xfc ./source/tabledriven.o
                              0x320a5 (size before relaxing)
 .debug_str     0x0003491d       0x15 ./source/unittest.o
                              0x32f09 (size before relaxing)
 .debug_str     0x00034932     0x14db ./drivers/fsl_clock.o
                              0x322d3 (size before relaxing)
 .debug_str     0x00035e0d      0x2d6 ./drivers/fsl_common.o
                              0x308ba (size before relaxing)
 .debug_str     0x000360e3      0x9c9 ./drivers/fsl_lpsci.o
                              0x318db (size before relaxing)
 .debug_str     0x00036aac      0x832 ./drivers/fsl_uart.o
                              0x318fe (size before relaxing)
 .debug_str     0x000372de       0x4c ./board/board.o
                              0x31418 (size before relaxing)
 .debug_str     0x0003732a      0x300 ./board/clock_config.o
                              0x31201 (size before relaxing)
 .debug_str     0x0003762a       0x31 ./board/peripherals.o
                               0x2dd6 (size before relaxing)
 .debug_str     0x0003765b      0x18b ./board/pin_mux.o
                              0x30b15 (size before relaxing)
 .debug_str     0x000377e6       0x4f ./CMSIS/system_MKL25Z4.o
                              0x2fc3d (size before relaxing)

.comment        0x00000000       0x75
 .comment       0x00000000       0x75 ./utilities/fsl_debug_console.o
                                 0x76 (size before relaxing)
 .comment       0x00000075       0x76 ./startup/startup_mkl25z4.o
 .comment       0x00000075       0x76 ./source/TMP102.o
 .comment       0x00000075       0x76 ./source/led.o
 .comment       0x00000075       0x76 ./source/logger.o
 .comment       0x00000075       0x76 ./source/mtb.o
 .comment       0x00000075       0x76 ./source/project.o
 .comment       0x00000075       0x76 ./source/retarget_itm.o
 .comment       0x00000075       0x76 ./source/semihost_hardfault.o
 .comment       0x00000075       0x76 ./source/state_driven.o
 .comment       0x00000075       0x76 ./source/system.o
 .comment       0x00000075       0x76 ./source/tabledriven.o
 .comment       0x00000075       0x76 ./source/unittest.o
 .comment       0x00000075       0x76 ./drivers/fsl_clock.o
 .comment       0x00000075       0x76 ./drivers/fsl_common.o
 .comment       0x00000075       0x76 ./drivers/fsl_lpsci.o
 .comment       0x00000075       0x76 ./drivers/fsl_uart.o
 .comment       0x00000075       0x76 ./board/board.o
 .comment       0x00000075       0x76 ./board/clock_config.o
 .comment       0x00000075       0x76 ./board/peripherals.o
 .comment       0x00000075       0x76 ./board/pin_mux.o
 .comment       0x00000075       0x76 ./CMSIS/system_MKL25Z4.o
 .comment       0x00000075       0x76 c:/nxp/mcuxpressoide_11.0.1_2563/ide/plugins/com.nxp.mcuxpresso.tools.win32_11.0.1.201907311258/tools/bin/../lib/gcc/arm-none-eabi/8.2.1/../../../../arm-none-eabi/lib/thumb/v6-m/nofp\libcr_nohost_nf.a(__sys_appexit.o)
 .comment       0x00000075       0x76 c:/nxp/mcuxpressoide_11.0.1_2563/ide/plugins/com.nxp.mcuxpresso.tools.win32_11.0.1.201907311258/tools/bin/../lib/gcc/arm-none-eabi/8.2.1/../../../../arm-none-eabi/lib/thumb/v6-m/nofp\libcr_nohost_nf.a(_cr__main.o)
 .comment       0x00000075       0x76 c:/nxp/mcuxpressoide_11.0.1_2563/ide/plugins/com.nxp.mcuxpresso.tools.win32_11.0.1.201907311258/tools/bin/../lib/gcc/arm-none-eabi/8.2.1/../../../../arm-none-eabi/lib/thumb/v6-m/nofp\libcr_c.a(memset.o)
 .comment       0x00000075       0x76 c:/nxp/mcuxpressoide_11.0.1_2563/ide/plugins/com.nxp.mcuxpresso.tools.win32_11.0.1.201907311258/tools/bin/../lib/gcc/arm-none-eabi/8.2.1/../../../../arm-none-eabi/lib/thumb/v6-m/nofp\libcr_c.a(initio.o)
 .comment       0x00000075       0x76 c:/nxp/mcuxpressoide_11.0.1_2563/ide/plugins/com.nxp.mcuxpresso.tools.win32_11.0.1.201907311258/tools/bin/../lib/gcc/arm-none-eabi/8.2.1/../../../../arm-none-eabi/lib/thumb/v6-m/nofp\libcr_c.a(setvbuf.o)
 .comment       0x00000075       0x76 c:/nxp/mcuxpressoide_11.0.1_2563/ide/plugins/com.nxp.mcuxpresso.tools.win32_11.0.1.201907311258/tools/bin/../lib/gcc/arm-none-eabi/8.2.1/../../../../arm-none-eabi/lib/thumb/v6-m/nofp\libcr_c.a(stdlib.o)
 .comment       0x00000075       0x76 c:/nxp/mcuxpressoide_11.0.1_2563/ide/plugins/com.nxp.mcuxpresso.tools.win32_11.0.1.201907311258/tools/bin/../lib/gcc/arm-none-eabi/8.2.1/../../../../arm-none-eabi/lib/thumb/v6-m/nofp\libcr_c.a(strlen.o)
 .comment       0x00000075       0x76 c:/nxp/mcuxpressoide_11.0.1_2563/ide/plugins/com.nxp.mcuxpresso.tools.win32_11.0.1.201907311258/tools/bin/../lib/gcc/arm-none-eabi/8.2.1/../../../../arm-none-eabi/lib/thumb/v6-m/nofp\libcr_c.a(_fdopen.o)
 .comment       0x00000075       0x76 c:/nxp/mcuxpressoide_11.0.1_2563/ide/plugins/com.nxp.mcuxpresso.tools.win32_11.0.1.201907311258/tools/bin/../lib/gcc/arm-none-eabi/8.2.1/../../../../arm-none-eabi/lib/thumb/v6-m/nofp\libcr_c.a(fclose.o)
 .comment       0x00000075       0x76 c:/nxp/mcuxpressoide_11.0.1_2563/ide/plugins/com.nxp.mcuxpresso.tools.win32_11.0.1.201907311258/tools/bin/../lib/gcc/arm-none-eabi/8.2.1/../../../../arm-none-eabi/lib/thumb/v6-m/nofp\libcr_c.a(fflush.o)
 .comment       0x00000075       0x76 c:/nxp/mcuxpressoide_11.0.1_2563/ide/plugins/com.nxp.mcuxpresso.tools.win32_11.0.1.201907311258/tools/bin/../lib/gcc/arm-none-eabi/8.2.1/../../../../arm-none-eabi/lib/thumb/v6-m/nofp\libcr_c.a(fseek.o)
 .comment       0x00000075       0x76 c:/nxp/mcuxpressoide_11.0.1_2563/ide/plugins/com.nxp.mcuxpresso.tools.win32_11.0.1.201907311258/tools/bin/../lib/gcc/arm-none-eabi/8.2.1/../../../../arm-none-eabi/lib/thumb/v6-m/nofp\libcr_c.a(ftell.o)
 .comment       0x00000075       0x76 c:/nxp/mcuxpressoide_11.0.1_2563/ide/plugins/com.nxp.mcuxpresso.tools.win32_11.0.1.201907311258/tools/bin/../lib/gcc/arm-none-eabi/8.2.1/../../../../arm-none-eabi/lib/thumb/v6-m/nofp\libcr_c.a(remove.o)
 .comment       0x00000075       0x76 c:/nxp/mcuxpressoide_11.0.1_2563/ide/plugins/com.nxp.mcuxpresso.tools.win32_11.0.1.201907311258/tools/bin/../lib/gcc/arm-none-eabi/8.2.1/../../../../arm-none-eabi/lib/thumb/v6-m/nofp\libcr_c.a(_do_fflush.o)
 .comment       0x00000075       0x76 c:/nxp/mcuxpressoide_11.0.1_2563/ide/plugins/com.nxp.mcuxpresso.tools.win32_11.0.1.201907311258/tools/bin/../lib/gcc/arm-none-eabi/8.2.1/../../../../arm-none-eabi/lib/thumb/v6-m/nofp\libcr_c.a(_fflush.o)
 .comment       0x00000075       0x76 c:/nxp/mcuxpressoide_11.0.1_2563/ide/plugins/com.nxp.mcuxpresso.tools.win32_11.0.1.201907311258/tools/bin/../lib/gcc/arm-none-eabi/8.2.1/../../../../arm-none-eabi/lib/thumb/v6-m/nofp\libcr_c.a(_writebuf.o)
 .comment       0x00000075       0x76 c:/nxp/mcuxpressoide_11.0.1_2563/ide/plugins/com.nxp.mcuxpresso.tools.win32_11.0.1.201907311258/tools/bin/../lib/gcc/arm-none-eabi/8.2.1/../../../../arm-none-eabi/lib/thumb/v6-m/nofp\libcr_c.a(alloc.o)
 .comment       0x00000075       0x76 c:/nxp/mcuxpressoide_11.0.1_2563/ide/plugins/com.nxp.mcuxpresso.tools.win32_11.0.1.201907311258/tools/bin/../lib/gcc/arm-none-eabi/8.2.1/../../../../arm-none-eabi/lib/thumb/v6-m/nofp\libcr_c.a(errno.o)
 .comment       0x00000075       0x76 c:/nxp/mcuxpressoide_11.0.1_2563/ide/plugins/com.nxp.mcuxpresso.tools.win32_11.0.1.201907311258/tools/bin/../lib/gcc/arm-none-eabi/8.2.1/../../../../arm-none-eabi/lib/thumb/v6-m/nofp\libcr_c.a(_deferredlazyseek.o)
 .comment       0x00000075       0x76 c:/nxp/mcuxpressoide_11.0.1_2563/ide/plugins/com.nxp.mcuxpresso.tools.win32_11.0.1.201907311258/tools/bin/../lib/gcc/arm-none-eabi/8.2.1/../../../../arm-none-eabi/lib/thumb/v6-m/nofp\libcr_nohost_nf.a(__ciob.o)
 .comment       0x00000075       0x76 c:/nxp/mcuxpressoide_11.0.1_2563/ide/plugins/com.nxp.mcuxpresso.tools.win32_11.0.1.201907311258/tools/bin/../lib/gcc/arm-none-eabi/8.2.1/../../../../arm-none-eabi/lib/thumb/v6-m/nofp\libcr_nohost_nf.a(__sys_close.o)
 .comment       0x00000075       0x76 c:/nxp/mcuxpressoide_11.0.1_2563/ide/plugins/com.nxp.mcuxpresso.tools.win32_11.0.1.201907311258/tools/bin/../lib/gcc/arm-none-eabi/8.2.1/../../../../arm-none-eabi/lib/thumb/v6-m/nofp\libcr_nohost_nf.a(__sys_flen.o)
 .comment       0x00000075       0x76 c:/nxp/mcuxpressoide_11.0.1_2563/ide/plugins/com.nxp.mcuxpresso.tools.win32_11.0.1.201907311258/tools/bin/../lib/gcc/arm-none-eabi/8.2.1/../../../../arm-none-eabi/lib/thumb/v6-m/nofp\libcr_nohost_nf.a(__sys_istty.o)
 .comment       0x00000075       0x76 c:/nxp/mcuxpressoide_11.0.1_2563/ide/plugins/com.nxp.mcuxpresso.tools.win32_11.0.1.201907311258/tools/bin/../lib/gcc/arm-none-eabi/8.2.1/../../../../arm-none-eabi/lib/thumb/v6-m/nofp\libcr_nohost_nf.a(__sys_remove.o)
 .comment       0x00000075       0x76 c:/nxp/mcuxpressoide_11.0.1_2563/ide/plugins/com.nxp.mcuxpresso.tools.win32_11.0.1.201907311258/tools/bin/../lib/gcc/arm-none-eabi/8.2.1/../../../../arm-none-eabi/lib/thumb/v6-m/nofp\libcr_nohost_nf.a(__sys_seek.o)
 .comment       0x00000075       0x76 c:/nxp/mcuxpressoide_11.0.1_2563/ide/plugins/com.nxp.mcuxpresso.tools.win32_11.0.1.201907311258/tools/bin/../lib/gcc/arm-none-eabi/8.2.1/../../../../arm-none-eabi/lib/thumb/v6-m/nofp\libcr_nohost_nf.a(__sys_tmpnam.o)

.ARM.attributes
                0x00000000       0x2a
 .ARM.attributes
                0x00000000       0x2c ./utilities/fsl_debug_console.o
 .ARM.attributes
                0x0000002c       0x2c ./startup/startup_mkl25z4.o
 .ARM.attributes
                0x00000058       0x2c ./source/TMP102.o
 .ARM.attributes
                0x00000084       0x2c ./source/led.o
 .ARM.attributes
                0x000000b0       0x2c ./source/logger.o
 .ARM.attributes
                0x000000dc       0x32 ./source/mtb.o
 .ARM.attributes
                0x0000010e       0x2c ./source/project.o
 .ARM.attributes
                0x0000013a       0x2c ./source/retarget_itm.o
 .ARM.attributes
                0x00000166       0x2c ./source/semihost_hardfault.o
 .ARM.attributes
                0x00000192       0x2c ./source/state_driven.o
 .ARM.attributes
                0x000001be       0x2c ./source/system.o
 .ARM.attributes
                0x000001ea       0x2c ./source/tabledriven.o
 .ARM.attributes
                0x00000216       0x2c ./source/unittest.o
 .ARM.attributes
                0x00000242       0x2c ./drivers/fsl_clock.o
 .ARM.attributes
                0x0000026e       0x2c ./drivers/fsl_common.o
 .ARM.attributes
                0x0000029a       0x2c ./drivers/fsl_lpsci.o
 .ARM.attributes
                0x000002c6       0x2c ./drivers/fsl_uart.o
 .ARM.attributes
                0x000002f2       0x2c ./board/board.o
 .ARM.attributes
                0x0000031e       0x2c ./board/clock_config.o
 .ARM.attributes
                0x0000034a       0x2c ./board/peripherals.o
 .ARM.attributes
                0x00000376       0x2c ./board/pin_mux.o
 .ARM.attributes
                0x000003a2       0x2c ./CMSIS/system_MKL25Z4.o
 .ARM.attributes
                0x000003ce       0x2c c:/nxp/mcuxpressoide_11.0.1_2563/ide/plugins/com.nxp.mcuxpresso.tools.win32_11.0.1.201907311258/tools/bin/../lib/gcc/arm-none-eabi/8.2.1/../../../../arm-none-eabi/lib/thumb/v6-m/nofp\libcr_nohost_nf.a(__sys_appexit.o)
 .ARM.attributes
                0x000003fa       0x2c c:/nxp/mcuxpressoide_11.0.1_2563/ide/plugins/com.nxp.mcuxpresso.tools.win32_11.0.1.201907311258/tools/bin/../lib/gcc/arm-none-eabi/8.2.1/../../../../arm-none-eabi/lib/thumb/v6-m/nofp\libcr_nohost_nf.a(_cr__main.o)
 .ARM.attributes
                0x00000426       0x2c c:/nxp/mcuxpressoide_11.0.1_2563/ide/plugins/com.nxp.mcuxpresso.tools.win32_11.0.1.201907311258/tools/bin/../lib/gcc/arm-none-eabi/8.2.1/../../../../arm-none-eabi/lib/thumb/v6-m/nofp\libcr_c.a(memset.o)
 .ARM.attributes
                0x00000452       0x2c c:/nxp/mcuxpressoide_11.0.1_2563/ide/plugins/com.nxp.mcuxpresso.tools.win32_11.0.1.201907311258/tools/bin/../lib/gcc/arm-none-eabi/8.2.1/../../../../arm-none-eabi/lib/thumb/v6-m/nofp\libcr_c.a(initio.o)
 .ARM.attributes
                0x0000047e       0x2c c:/nxp/mcuxpressoide_11.0.1_2563/ide/plugins/com.nxp.mcuxpresso.tools.win32_11.0.1.201907311258/tools/bin/../lib/gcc/arm-none-eabi/8.2.1/../../../../arm-none-eabi/lib/thumb/v6-m/nofp\libcr_c.a(setvbuf.o)
 .ARM.attributes
                0x000004aa       0x2c c:/nxp/mcuxpressoide_11.0.1_2563/ide/plugins/com.nxp.mcuxpresso.tools.win32_11.0.1.201907311258/tools/bin/../lib/gcc/arm-none-eabi/8.2.1/../../../../arm-none-eabi/lib/thumb/v6-m/nofp\libcr_c.a(stdlib.o)
 .ARM.attributes
                0x000004d6       0x2c c:/nxp/mcuxpressoide_11.0.1_2563/ide/plugins/com.nxp.mcuxpresso.tools.win32_11.0.1.201907311258/tools/bin/../lib/gcc/arm-none-eabi/8.2.1/../../../../arm-none-eabi/lib/thumb/v6-m/nofp\libcr_c.a(strlen.o)
 .ARM.attributes
                0x00000502       0x2c c:/nxp/mcuxpressoide_11.0.1_2563/ide/plugins/com.nxp.mcuxpresso.tools.win32_11.0.1.201907311258/tools/bin/../lib/gcc/arm-none-eabi/8.2.1/../../../../arm-none-eabi/lib/thumb/v6-m/nofp\libcr_c.a(_fdopen.o)
 .ARM.attributes
                0x0000052e       0x2c c:/nxp/mcuxpressoide_11.0.1_2563/ide/plugins/com.nxp.mcuxpresso.tools.win32_11.0.1.201907311258/tools/bin/../lib/gcc/arm-none-eabi/8.2.1/../../../../arm-none-eabi/lib/thumb/v6-m/nofp\libcr_c.a(fclose.o)
 .ARM.attributes
                0x0000055a       0x2c c:/nxp/mcuxpressoide_11.0.1_2563/ide/plugins/com.nxp.mcuxpresso.tools.win32_11.0.1.201907311258/tools/bin/../lib/gcc/arm-none-eabi/8.2.1/../../../../arm-none-eabi/lib/thumb/v6-m/nofp\libcr_c.a(fflush.o)
 .ARM.attributes
                0x00000586       0x2c c:/nxp/mcuxpressoide_11.0.1_2563/ide/plugins/com.nxp.mcuxpresso.tools.win32_11.0.1.201907311258/tools/bin/../lib/gcc/arm-none-eabi/8.2.1/../../../../arm-none-eabi/lib/thumb/v6-m/nofp\libcr_c.a(fseek.o)
 .ARM.attributes
                0x000005b2       0x2c c:/nxp/mcuxpressoide_11.0.1_2563/ide/plugins/com.nxp.mcuxpresso.tools.win32_11.0.1.201907311258/tools/bin/../lib/gcc/arm-none-eabi/8.2.1/../../../../arm-none-eabi/lib/thumb/v6-m/nofp\libcr_c.a(ftell.o)
 .ARM.attributes
                0x000005de       0x2c c:/nxp/mcuxpressoide_11.0.1_2563/ide/plugins/com.nxp.mcuxpresso.tools.win32_11.0.1.201907311258/tools/bin/../lib/gcc/arm-none-eabi/8.2.1/../../../../arm-none-eabi/lib/thumb/v6-m/nofp\libcr_c.a(remove.o)
 .ARM.attributes
                0x0000060a       0x2c c:/nxp/mcuxpressoide_11.0.1_2563/ide/plugins/com.nxp.mcuxpresso.tools.win32_11.0.1.201907311258/tools/bin/../lib/gcc/arm-none-eabi/8.2.1/../../../../arm-none-eabi/lib/thumb/v6-m/nofp\libcr_c.a(_do_fflush.o)
 .ARM.attributes
                0x00000636       0x2c c:/nxp/mcuxpressoide_11.0.1_2563/ide/plugins/com.nxp.mcuxpresso.tools.win32_11.0.1.201907311258/tools/bin/../lib/gcc/arm-none-eabi/8.2.1/../../../../arm-none-eabi/lib/thumb/v6-m/nofp\libcr_c.a(_fflush.o)
 .ARM.attributes
                0x00000662       0x2c c:/nxp/mcuxpressoide_11.0.1_2563/ide/plugins/com.nxp.mcuxpresso.tools.win32_11.0.1.201907311258/tools/bin/../lib/gcc/arm-none-eabi/8.2.1/../../../../arm-none-eabi/lib/thumb/v6-m/nofp\libcr_c.a(_writebuf.o)
 .ARM.attributes
                0x0000068e       0x2c c:/nxp/mcuxpressoide_11.0.1_2563/ide/plugins/com.nxp.mcuxpresso.tools.win32_11.0.1.201907311258/tools/bin/../lib/gcc/arm-none-eabi/8.2.1/../../../../arm-none-eabi/lib/thumb/v6-m/nofp\libcr_c.a(alloc.o)
 .ARM.attributes
                0x000006ba       0x31 c:/nxp/mcuxpressoide_11.0.1_2563/ide/plugins/com.nxp.mcuxpresso.tools.win32_11.0.1.201907311258/tools/bin/../lib/gcc/arm-none-eabi/8.2.1/../../../../arm-none-eabi/lib/thumb/v6-m/nofp\libcr_c.a(errno.o)
 .ARM.attributes
                0x000006eb       0x2c c:/nxp/mcuxpressoide_11.0.1_2563/ide/plugins/com.nxp.mcuxpresso.tools.win32_11.0.1.201907311258/tools/bin/../lib/gcc/arm-none-eabi/8.2.1/../../../../arm-none-eabi/lib/thumb/v6-m/nofp\libcr_c.a(_deferredlazyseek.o)
 .ARM.attributes
                0x00000717       0x1c c:/nxp/mcuxpressoide_11.0.1_2563/ide/plugins/com.nxp.mcuxpresso.tools.win32_11.0.1.201907311258/tools/bin/../lib/gcc/arm-none-eabi/8.2.1/thumb/v6-m/nofp\libcr_eabihelpers.a(division_32.o)
 .ARM.attributes
                0x00000733       0x1c c:/nxp/mcuxpressoide_11.0.1_2563/ide/plugins/com.nxp.mcuxpresso.tools.win32_11.0.1.201907311258/tools/bin/../lib/gcc/arm-none-eabi/8.2.1/thumb/v6-m/nofp\libcr_eabihelpers.a(division_idiv0.o)
 .ARM.attributes
                0x0000074f       0x1c c:/nxp/mcuxpressoide_11.0.1_2563/ide/plugins/com.nxp.mcuxpresso.tools.win32_11.0.1.201907311258/tools/bin/../lib/gcc/arm-none-eabi/8.2.1/thumb/v6-m/nofp\libcr_eabihelpers.a(memcpy.o)
 .ARM.attributes
                0x0000076b       0x31 c:/nxp/mcuxpressoide_11.0.1_2563/ide/plugins/com.nxp.mcuxpresso.tools.win32_11.0.1.201907311258/tools/bin/../lib/gcc/arm-none-eabi/8.2.1/../../../../arm-none-eabi/lib/thumb/v6-m/nofp\libcr_nohost_nf.a(__ciob.o)
 .ARM.attributes
                0x0000079c       0x2c c:/nxp/mcuxpressoide_11.0.1_2563/ide/plugins/com.nxp.mcuxpresso.tools.win32_11.0.1.201907311258/tools/bin/../lib/gcc/arm-none-eabi/8.2.1/../../../../arm-none-eabi/lib/thumb/v6-m/nofp\libcr_nohost_nf.a(__sys_close.o)
 .ARM.attributes
                0x000007c8       0x2c c:/nxp/mcuxpressoide_11.0.1_2563/ide/plugins/com.nxp.mcuxpresso.tools.win32_11.0.1.201907311258/tools/bin/../lib/gcc/arm-none-eabi/8.2.1/../../../../arm-none-eabi/lib/thumb/v6-m/nofp\libcr_nohost_nf.a(__sys_flen.o)
 .ARM.attributes
                0x000007f4       0x2c c:/nxp/mcuxpressoide_11.0.1_2563/ide/plugins/com.nxp.mcuxpresso.tools.win32_11.0.1.201907311258/tools/bin/../lib/gcc/arm-none-eabi/8.2.1/../../../../arm-none-eabi/lib/thumb/v6-m/nofp\libcr_nohost_nf.a(__sys_istty.o)
 .ARM.attributes
                0x00000820       0x2c c:/nxp/mcuxpressoide_11.0.1_2563/ide/plugins/com.nxp.mcuxpresso.tools.win32_11.0.1.201907311258/tools/bin/../lib/gcc/arm-none-eabi/8.2.1/../../../../arm-none-eabi/lib/thumb/v6-m/nofp\libcr_nohost_nf.a(__sys_remove.o)
 .ARM.attributes
                0x0000084c       0x2c c:/nxp/mcuxpressoide_11.0.1_2563/ide/plugins/com.nxp.mcuxpresso.tools.win32_11.0.1.201907311258/tools/bin/../lib/gcc/arm-none-eabi/8.2.1/../../../../arm-none-eabi/lib/thumb/v6-m/nofp\libcr_nohost_nf.a(__sys_seek.o)
 .ARM.attributes
                0x00000878       0x2c c:/nxp/mcuxpressoide_11.0.1_2563/ide/plugins/com.nxp.mcuxpresso.tools.win32_11.0.1.201907311258/tools/bin/../lib/gcc/arm-none-eabi/8.2.1/../../../../arm-none-eabi/lib/thumb/v6-m/nofp\libcr_nohost_nf.a(__sys_tmpnam.o)

.debug_frame    0x00000000     0x1cd4
 .debug_frame   0x00000000      0x1f0 ./utilities/fsl_debug_console.o
 .debug_frame   0x000001f0      0x3b0 ./startup/startup_mkl25z4.o
 .debug_frame   0x000005a0       0x6c ./source/TMP102.o
 .debug_frame   0x0000060c       0xe0 ./source/led.o
 .debug_frame   0x000006ec       0x70 ./source/logger.o
 .debug_frame   0x0000075c       0x48 ./source/project.o
 .debug_frame   0x000007a4       0x50 ./source/retarget_itm.o
 .debug_frame   0x000007f4       0x20 ./source/semihost_hardfault.o
 .debug_frame   0x00000814       0xe8 ./source/state_driven.o
 .debug_frame   0x000008fc       0xc0 ./source/system.o
 .debug_frame   0x000009bc       0xac ./source/tabledriven.o
 .debug_frame   0x00000a68       0x2c ./source/unittest.o
 .debug_frame   0x00000a94      0x6e0 ./drivers/fsl_clock.o
 .debug_frame   0x00001174       0x90 ./drivers/fsl_common.o
 .debug_frame   0x00001204      0x418 ./drivers/fsl_lpsci.o
 .debug_frame   0x0000161c      0x468 ./drivers/fsl_uart.o
 .debug_frame   0x00001a84       0x50 ./board/board.o
 .debug_frame   0x00001ad4      0x100 ./board/clock_config.o
 .debug_frame   0x00001bd4       0x2c ./board/peripherals.o
 .debug_frame   0x00001c00       0x88 ./board/pin_mux.o
 .debug_frame   0x00001c88       0x4c ./CMSIS/system_MKL25Z4.o

Cross Reference Table

Symbol                                            File
ADC0_DriverIRQHandler                             ./startup/startup_mkl25z4.o
ADC0_IRQHandler                                   ./startup/startup_mkl25z4.o
BOARD_BootClockRUN                                ./board/clock_config.o
BOARD_BootClockVLPR                               ./board/clock_config.o
BOARD_InitBootClocks                              ./board/clock_config.o
                                                  ./source/project.o
                                                  ./source/led.o
BOARD_InitBootPeripherals                         ./board/peripherals.o
                                                  ./source/project.o
                                                  ./source/led.o
BOARD_InitBootPins                                ./board/pin_mux.o
                                                  ./source/project.o
                                                  ./source/led.o
BOARD_InitDebugConsole                            ./board/board.o
                                                  ./source/project.o
                                                  ./source/led.o
BOARD_InitPins                                    ./board/pin_mux.o
CLOCK_BootToBlpeMode                              ./drivers/fsl_clock.o
CLOCK_BootToBlpiMode                              ./drivers/fsl_clock.o
                                                  ./board/clock_config.o
CLOCK_BootToFeeMode                               ./drivers/fsl_clock.o
CLOCK_BootToFeiMode                               ./drivers/fsl_clock.o
CLOCK_BootToPeeMode                               ./drivers/fsl_clock.o
                                                  ./board/clock_config.o
CLOCK_CalcPllDiv                                  ./drivers/fsl_clock.o
CLOCK_ClearStatusFlags                            ./drivers/fsl_clock.o
CLOCK_DeinitOsc0                                  ./drivers/fsl_clock.o
CLOCK_EnablePll0                                  ./drivers/fsl_clock.o
CLOCK_EnableUsbfs0Clock                           ./drivers/fsl_clock.o
CLOCK_ExternalModeToFbeModeQuick                  ./drivers/fsl_clock.o
CLOCK_FllStableDelay                              ./drivers/fsl_clock.o
CLOCK_GetBusClkFreq                               ./drivers/fsl_clock.o
CLOCK_GetCoreSysClkFreq                           ./drivers/fsl_clock.o
CLOCK_GetEr32kClkFreq                             ./drivers/fsl_clock.o
CLOCK_GetFixedFreqClkFreq                         ./drivers/fsl_clock.o
CLOCK_GetFlashClkFreq                             ./drivers/fsl_clock.o
CLOCK_GetFllFreq                                  ./drivers/fsl_clock.o
CLOCK_GetFreq                                     ./drivers/fsl_clock.o
CLOCK_GetInternalRefClkFreq                       ./drivers/fsl_clock.o
CLOCK_GetMode                                     ./drivers/fsl_clock.o
CLOCK_GetOsc0ErClkFreq                            ./drivers/fsl_clock.o
CLOCK_GetOutClkFreq                               ./drivers/fsl_clock.o
CLOCK_GetPlatClkFreq                              ./drivers/fsl_clock.o
CLOCK_GetPll0Freq                                 ./drivers/fsl_clock.o
CLOCK_GetPllFllSelClkFreq                         ./drivers/fsl_clock.o
                                                  ./board/board.o
CLOCK_GetStatusFlags                              ./drivers/fsl_clock.o
CLOCK_InitOsc0                                    ./drivers/fsl_clock.o
                                                  ./board/clock_config.o
CLOCK_InternalModeToFbiModeQuick                  ./drivers/fsl_clock.o
CLOCK_SetBlpeMode                                 ./drivers/fsl_clock.o
CLOCK_SetBlpiMode                                 ./drivers/fsl_clock.o
CLOCK_SetExternalRefClkConfig                     ./drivers/fsl_clock.o
CLOCK_SetFbeMode                                  ./drivers/fsl_clock.o
CLOCK_SetFbiMode                                  ./drivers/fsl_clock.o
CLOCK_SetFeeMode                                  ./drivers/fsl_clock.o
CLOCK_SetFeiMode                                  ./drivers/fsl_clock.o
CLOCK_SetInternalRefClkConfig                     ./drivers/fsl_clock.o
                                                  ./board/clock_config.o
CLOCK_SetMcgConfig                                ./drivers/fsl_clock.o
CLOCK_SetOsc0MonitorMode                          ./drivers/fsl_clock.o
CLOCK_SetPbeMode                                  ./drivers/fsl_clock.o
CLOCK_SetPeeMode                                  ./drivers/fsl_clock.o
CLOCK_SetPll0MonitorMode                          ./drivers/fsl_clock.o
CLOCK_SetSimConfig                                ./drivers/fsl_clock.o
                                                  ./board/clock_config.o
CLOCK_TrimInternalRefClk                          ./drivers/fsl_clock.o
CMP0_DriverIRQHandler                             ./startup/startup_mkl25z4.o
CMP0_IRQHandler                                   ./startup/startup_mkl25z4.o
DAC0_DriverIRQHandler                             ./startup/startup_mkl25z4.o
DAC0_IRQHandler                                   ./startup/startup_mkl25z4.o
DMA0_DriverIRQHandler                             ./startup/startup_mkl25z4.o
DMA0_IRQHandler                                   ./startup/startup_mkl25z4.o
DMA1_DriverIRQHandler                             ./startup/startup_mkl25z4.o
DMA1_IRQHandler                                   ./startup/startup_mkl25z4.o
DMA2_DriverIRQHandler                             ./startup/startup_mkl25z4.o
DMA2_IRQHandler                                   ./startup/startup_mkl25z4.o
DMA3_DriverIRQHandler                             ./startup/startup_mkl25z4.o
DMA3_IRQHandler                                   ./startup/startup_mkl25z4.o
DbgConsole_Deinit                                 ./utilities/fsl_debug_console.o
DbgConsole_Getchar                                ./utilities/fsl_debug_console.o
DbgConsole_Init                                   ./utilities/fsl_debug_console.o
                                                  ./board/board.o
DbgConsole_Printf                                 ./utilities/fsl_debug_console.o
                                                  ./drivers/fsl_common.o
                                                  ./source/system.o
                                                  ./source/logger.o
DbgConsole_Putchar                                ./utilities/fsl_debug_console.o
DbgConsole_Scanf                                  ./utilities/fsl_debug_console.o
FLASH_Erase                                       ./drivers/fsl_flash.o
FLASH_EraseAll                                    ./drivers/fsl_flash.o
FLASH_EraseAllExecuteOnlySegments                 ./drivers/fsl_flash.o
FLASH_GetProperty                                 ./drivers/fsl_flash.o
FLASH_GetSecurityState                            ./drivers/fsl_flash.o
FLASH_Init                                        ./drivers/fsl_flash.o
FLASH_IsExecuteOnly                               ./drivers/fsl_flash.o
FLASH_IsProtected                                 ./drivers/fsl_flash.o
FLASH_PflashGetPrefetchSpeculation                ./drivers/fsl_flash.o
FLASH_PflashGetProtection                         ./drivers/fsl_flash.o
FLASH_PflashSetPrefetchSpeculation                ./drivers/fsl_flash.o
                                                  ./drivers/fsl_smc.o
FLASH_PflashSetProtection                         ./drivers/fsl_flash.o
FLASH_PrepareExecuteInRamFunctions                ./drivers/fsl_flash.o
FLASH_Program                                     ./drivers/fsl_flash.o
FLASH_ProgramOnce                                 ./drivers/fsl_flash.o
FLASH_ReadOnce                                    ./drivers/fsl_flash.o
FLASH_ReadResource                                ./drivers/fsl_flash.o
FLASH_SecurityBypass                              ./drivers/fsl_flash.o
FLASH_SetCallback                                 ./drivers/fsl_flash.o
FLASH_SetProperty                                 ./drivers/fsl_flash.o
FLASH_VerifyErase                                 ./drivers/fsl_flash.o
FLASH_VerifyEraseAll                              ./drivers/fsl_flash.o
FLASH_VerifyEraseAllExecuteOnlySegments           ./drivers/fsl_flash.o
FLASH_VerifyProgram                               ./drivers/fsl_flash.o
FTFA_DriverIRQHandler                             ./startup/startup_mkl25z4.o
FTFA_IRQHandler                                   ./startup/startup_mkl25z4.o
Flash_Config                                      ./startup/startup_mkl25z4.o
GPIO_ClearPinsInterruptFlags                      ./drivers/fsl_gpio.o
GPIO_GetPinsInterruptFlags                        ./drivers/fsl_gpio.o
GPIO_PinInit                                      ./drivers/fsl_gpio.o
HardFault_Handler                                 ./source/semihost_hardfault.o
                                                  ./startup/startup_mkl25z4.o
I2C0_DriverIRQHandler                             ./startup/startup_mkl25z4.o
I2C0_IRQHandler                                   ./startup/startup_mkl25z4.o
I2C1_DriverIRQHandler                             ./startup/startup_mkl25z4.o
I2C1_IRQHandler                                   ./startup/startup_mkl25z4.o
I2C_Master_Init                                   ./source/TMP102.o
                                                  ./source/project.o
ITM_RxBuffer                                      ./source/retarget_itm.o
InstallIRQHandler                                 ./drivers/fsl_common.o
IntDefaultHandler                                 ./startup/startup_mkl25z4.o
LLWU_DriverIRQHandler                             ./startup/startup_mkl25z4.o
LLWU_IRQHandler                                   ./startup/startup_mkl25z4.o
LPSCI_ClearStatusFlags                            ./drivers/fsl_lpsci.o
LPSCI_Deinit                                      ./drivers/fsl_lpsci.o
                                                  ./utilities/fsl_debug_console.o
LPSCI_DisableInterrupts                           ./drivers/fsl_lpsci.o
LPSCI_EnableInterrupts                            ./drivers/fsl_lpsci.o
LPSCI_GetDefaultConfig                            ./drivers/fsl_lpsci.o
                                                  ./utilities/fsl_debug_console.o
LPSCI_GetEnabledInterrupts                        ./drivers/fsl_lpsci.o
LPSCI_GetInstance                                 ./drivers/fsl_lpsci.o
LPSCI_GetStatusFlags                              ./drivers/fsl_lpsci.o
LPSCI_Init                                        ./drivers/fsl_lpsci.o
                                                  ./utilities/fsl_debug_console.o
LPSCI_ReadBlocking                                ./drivers/fsl_lpsci.o
                                                  ./utilities/fsl_debug_console.o
LPSCI_SetBaudRate                                 ./drivers/fsl_lpsci.o
LPSCI_TransferAbortReceive                        ./drivers/fsl_lpsci.o
LPSCI_TransferAbortSend                           ./drivers/fsl_lpsci.o
LPSCI_TransferCreateHandle                        ./drivers/fsl_lpsci.o
LPSCI_TransferGetReceiveCount                     ./drivers/fsl_lpsci.o
LPSCI_TransferGetSendCount                        ./drivers/fsl_lpsci.o
LPSCI_TransferHandleErrorIRQ                      ./drivers/fsl_lpsci.o
LPSCI_TransferHandleIRQ                           ./drivers/fsl_lpsci.o
LPSCI_TransferReceiveNonBlocking                  ./drivers/fsl_lpsci.o
LPSCI_TransferSendNonBlocking                     ./drivers/fsl_lpsci.o
LPSCI_TransferStartRingBuffer                     ./drivers/fsl_lpsci.o
LPSCI_TransferStopRingBuffer                      ./drivers/fsl_lpsci.o
LPSCI_WriteBlocking                               ./drivers/fsl_lpsci.o
                                                  ./utilities/fsl_debug_console.o
LPTMR0_DriverIRQHandler                           ./startup/startup_mkl25z4.o
LPTMR0_IRQHandler                                 ./startup/startup_mkl25z4.o
LVD_LVW_DriverIRQHandler                          ./startup/startup_mkl25z4.o
LVD_LVW_IRQHandler                                ./startup/startup_mkl25z4.o
MCG_DriverIRQHandler                              ./startup/startup_mkl25z4.o
MCG_IRQHandler                                    ./startup/startup_mkl25z4.o
NMI_Handler                                       ./startup/startup_mkl25z4.o
PIT_DriverIRQHandler                              ./startup/startup_mkl25z4.o
PIT_IRQHandler                                    ./startup/startup_mkl25z4.o
PORTA_DriverIRQHandler                            ./startup/startup_mkl25z4.o
PORTA_IRQHandler                                  ./startup/startup_mkl25z4.o
PORTD_DriverIRQHandler                            ./startup/startup_mkl25z4.o
PORTD_IRQHandler                                  ./startup/startup_mkl25z4.o
PendSV_Handler                                    ./startup/startup_mkl25z4.o
RTC_DriverIRQHandler                              ./startup/startup_mkl25z4.o
RTC_IRQHandler                                    ./startup/startup_mkl25z4.o
RTC_Seconds_DriverIRQHandler                      ./startup/startup_mkl25z4.o
RTC_Seconds_IRQHandler                            ./startup/startup_mkl25z4.o
Reserved20_DriverIRQHandler                       ./startup/startup_mkl25z4.o
Reserved20_IRQHandler                             ./startup/startup_mkl25z4.o
Reserved39_DriverIRQHandler                       ./startup/startup_mkl25z4.o
Reserved39_IRQHandler                             ./startup/startup_mkl25z4.o
Reserved45_DriverIRQHandler                       ./startup/startup_mkl25z4.o
Reserved45_IRQHandler                             ./startup/startup_mkl25z4.o
ResetISR                                          ./startup/startup_mkl25z4.o
SMC_PostExitStopModes                             ./drivers/fsl_smc.o
SMC_PreEnterStopModes                             ./drivers/fsl_smc.o
SMC_SetPowerModeLls                               ./drivers/fsl_smc.o
SMC_SetPowerModeRun                               ./drivers/fsl_smc.o
SMC_SetPowerModeStop                              ./drivers/fsl_smc.o
SMC_SetPowerModeVlls                              ./drivers/fsl_smc.o
SMC_SetPowerModeVlpr                              ./drivers/fsl_smc.o
                                                  ./board/clock_config.o
SMC_SetPowerModeVlps                              ./drivers/fsl_smc.o
SMC_SetPowerModeVlpw                              ./drivers/fsl_smc.o
SMC_SetPowerModeWait                              ./drivers/fsl_smc.o
SPI0_DriverIRQHandler                             ./startup/startup_mkl25z4.o
SPI0_IRQHandler                                   ./startup/startup_mkl25z4.o
SPI1_DriverIRQHandler                             ./startup/startup_mkl25z4.o
SPI1_IRQHandler                                   ./startup/startup_mkl25z4.o
SVC_Handler                                       ./startup/startup_mkl25z4.o
Sm_tempalert                                      ./source/tabledriven.o
Sm_tempavg                                        ./source/tabledriven.o
Sm_tempdisc                                       ./source/tabledriven.o
Sm_tempread                                       ./source/tabledriven.o
StateMachine                                      ./source/tabledriven.o
State_Driven                                      ./source/state_driven.o
                                                  ./source/tabledriven.o
                                                  ./source/project.o
SysTick_Handler                                   ./startup/startup_mkl25z4.o
SystemCoreClock                                   ./CMSIS/system_MKL25Z4.o
                                                  ./board/clock_config.o
SystemCoreClockUpdate                             ./CMSIS/system_MKL25Z4.o
SystemInit                                        ./CMSIS/system_MKL25Z4.o
                                                  ./startup/startup_mkl25z4.o
System_Init                                       ./source/system.o
                                                  ./source/unittest.o
System_Recover                                    ./source/system.o
System_Safestate                                  ./source/system.o
                                                  ./source/unittest.o
System_Shutdown                                   ./source/system.o
System_WriteInt                                   ./source/system.o
                                                  ./source/unittest.o
System_WriteString                                ./source/system.o
                                                  ./source/unittest.o
TPM0_DriverIRQHandler                             ./startup/startup_mkl25z4.o
TPM0_IRQHandler                                   ./startup/startup_mkl25z4.o
TPM1_DriverIRQHandler                             ./startup/startup_mkl25z4.o
TPM1_IRQHandler                                   ./startup/startup_mkl25z4.o
TPM2_DriverIRQHandler                             ./startup/startup_mkl25z4.o
TPM2_IRQHandler                                   ./startup/startup_mkl25z4.o
TSI0_DriverIRQHandler                             ./startup/startup_mkl25z4.o
TSI0_IRQHandler                                   ./startup/startup_mkl25z4.o
Table_Driven                                      ./source/tabledriven.o
                                                  ./source/state_driven.o
UART0_DriverIRQHandler                            ./drivers/fsl_lpsci.o
                                                  ./startup/startup_mkl25z4.o
UART0_IRQHandler                                  ./startup/startup_mkl25z4.o
UART1_DriverIRQHandler                            ./drivers/fsl_uart.o
                                                  ./startup/startup_mkl25z4.o
UART1_IRQHandler                                  ./startup/startup_mkl25z4.o
UART1_RX_TX_DriverIRQHandler                      ./drivers/fsl_uart.o
UART2_DriverIRQHandler                            ./drivers/fsl_uart.o
                                                  ./startup/startup_mkl25z4.o
UART2_IRQHandler                                  ./startup/startup_mkl25z4.o
UART2_RX_TX_DriverIRQHandler                      ./drivers/fsl_uart.o
UART_ClearStatusFlags                             ./drivers/fsl_uart.o
UART_Deinit                                       ./drivers/fsl_uart.o
                                                  ./utilities/fsl_debug_console.o
UART_DisableInterrupts                            ./drivers/fsl_uart.o
UART_EnableInterrupts                             ./drivers/fsl_uart.o
UART_GetDefaultConfig                             ./drivers/fsl_uart.o
                                                  ./utilities/fsl_debug_console.o
UART_GetEnabledInterrupts                         ./drivers/fsl_uart.o
UART_GetInstance                                  ./drivers/fsl_uart.o
UART_GetStatusFlags                               ./drivers/fsl_uart.o
UART_Init                                         ./drivers/fsl_uart.o
                                                  ./utilities/fsl_debug_console.o
UART_ReadBlocking                                 ./drivers/fsl_uart.o
                                                  ./utilities/fsl_debug_console.o
UART_SetBaudRate                                  ./drivers/fsl_uart.o
UART_TransferAbortReceive                         ./drivers/fsl_uart.o
UART_TransferAbortSend                            ./drivers/fsl_uart.o
UART_TransferCreateHandle                         ./drivers/fsl_uart.o
UART_TransferGetReceiveCount                      ./drivers/fsl_uart.o
UART_TransferGetSendCount                         ./drivers/fsl_uart.o
UART_TransferHandleErrorIRQ                       ./drivers/fsl_uart.o
UART_TransferHandleIRQ                            ./drivers/fsl_uart.o
UART_TransferReceiveNonBlocking                   ./drivers/fsl_uart.o
UART_TransferSendNonBlocking                      ./drivers/fsl_uart.o
UART_TransferStartRingBuffer                      ./drivers/fsl_uart.o
UART_TransferStopRingBuffer                       ./drivers/fsl_uart.o
UART_WriteBlocking                                ./drivers/fsl_uart.o
                                                  ./utilities/fsl_debug_console.o
USB0_DriverIRQHandler                             ./startup/startup_mkl25z4.o
USB0_IRQHandler                                   ./startup/startup_mkl25z4.o
_Csys_alloc                                       c:/nxp/mcuxpressoide_11.0.1_2563/ide/plugins/com.nxp.mcuxpresso.tools.win32_11.0.1.201907311258/tools/bin/../lib/gcc/arm-none-eabi/8.2.1/../../../../arm-none-eabi/lib/thumb/v6-m/nofp\libcr_c.a(alloc.o)
                                                  c:/nxp/mcuxpressoide_11.0.1_2563/ide/plugins/com.nxp.mcuxpresso.tools.win32_11.0.1.201907311258/tools/bin/../lib/gcc/arm-none-eabi/8.2.1/../../../../arm-none-eabi/lib/thumb/v6-m/nofp\libcr_c.a(_deferredlazyseek.o)
_Cwritebuf                                        c:/nxp/mcuxpressoide_11.0.1_2563/ide/plugins/com.nxp.mcuxpresso.tools.win32_11.0.1.201907311258/tools/bin/../lib/gcc/arm-none-eabi/8.2.1/../../../../arm-none-eabi/lib/thumb/v6-m/nofp\libcr_c.a(_writebuf.o)